-- The C compiler identification is AppleClang 15.0.0.15000309
-- The CXX compiler identification is AppleClang 15.0.0.15000309
-- Detecting C compiler ABI info
-- Detecting C compiler ABI info - done
-- Check for working C compiler: /Applications/Xcode_15.4.app/Contents/Developer/Toolchains/XcodeDefault.xctoolchain/usr/bin/cc - skipped
-- Detecting C compile features
-- Detecting C compile features - done
-- Detecting CXX compiler ABI info
-- Detecting CXX compiler ABI info - done
-- Check for working CXX compiler: /Applications/Xcode_15.4.app/Contents/Developer/Toolchains/XcodeDefault.xctoolchain/usr/bin/c++ - skipped
-- Detecting CXX compile features
-- Detecting CXX compile features - done
-- Using JUCE from add_subdirectory: /Users/runner/work/more-mojo/more-mojo/JUCE
-- Configuring juceaide
-- Building juceaide
-- Exporting juceaide
-- Testing juceaide
-- Finished setting up juceaide
CMake Warning at /Users/runner/work/more-mojo/more-mojo/JUCE/extras/Build/CMake/JUCEUtils.cmake:1721 (message):
  Target MoreMojoPlugin has JUCE_BUNDLE_ID 'com.Umbo Gumbo.MoreMojoPlugin',
  which contains spaces.  Use the BUNDLE_ID option to specify a valid ID.
Call Stack (most recent call first):
  /Users/runner/work/more-mojo/more-mojo/JUCE/extras/Build/CMake/JUCEUtils.cmake:2107 (_juce_set_fallback_properties)
  /Users/runner/work/more-mojo/more-mojo/JUCE/extras/Build/CMake/JUCEUtils.cmake:2190 (_juce_initialise_target)
  CMakeLists.txt:24 (juce_add_plugin)


-- Configuring done (44.8s)
-- Generating done (0.0s)
-- Build files have been written to: /Users/runner/work/more-mojo/more-mojo/plugin/build
