=== Building (Release) ===
→ Building by scheme: MoreMojoStudio
Command line invocation:
    /Applications/Xcode_16.1.app/Contents/Developer/usr/bin/xcodebuild -project app/MoreMojoStudio.xcodeproj -scheme MoreMojoStudio -configuration Release -sdk macosx -destination platform=macOS -derivedDataPath app/build -resultBundlePath app/build/App.xcresult CODE_SIGNING_ALLOWED=NO CODE_SIGNING_REQUIRED=NO DEVELOPMENT_TEAM= build

User defaults from command line:
    IDEBuildOperationResultBundlePath = /Users/runner/work/more-mojo/more-mojo/app/build/App.xcresult
    IDEDerivedDataPathOverride = /Users/runner/work/more-mojo/more-mojo/app/build
    IDEPackageSupportUseBuiltinSCM = YES

Build settings from command line:
    CODE_SIGNING_ALLOWED = NO
    CODE_SIGNING_REQUIRED = NO
    DEVELOPMENT_TEAM = 
    SDKROOT = macosx15.1

Writing result bundle at path:
	/Users/runner/work/more-mojo/more-mojo/app/build/App.xcresult

--- xcodebuild: WARNING: Using the first of multiple matching destinations:
{ platform:macOS, arch:arm64, id:0000FE00-B7D8BF07EAD829EE, name:My Mac }
{ platform:macOS, arch:x86_64, id:0000FE00-B7D8BF07EAD829EE, name:My Mac }
Prepare packages

ComputeTargetDependencyGraph
note: Building targets in dependency order
note: Target dependency graph (1 target)
    Target 'MoreMojoStudio' in project 'MoreMojoStudio' (no dependencies)

GatherProvisioningInputs

CreateBuildDescription

ExecuteExternalTool /Applications/Xcode_16.1.app/Contents/Developer/Toolchains/XcodeDefault.xctoolchain/usr/bin/swiftc --version

ExecuteExternalTool /Applications/Xcode_16.1.app/Contents/Developer/Toolchains/XcodeDefault.xctoolchain/usr/bin/clang -v -E -dM -isysroot /Applications/Xcode_16.1.app/Contents/Developer/Platforms/MacOSX.platform/Developer/SDKs/MacOSX15.1.sdk -x c -c /dev/null

ExecuteExternalTool /Applications/Xcode_16.1.app/Contents/Developer/Toolchains/XcodeDefault.xctoolchain/usr/bin/ld -version_details

Build description signature: d71a61248c49cae069311c035f9821ea
Build description path: /Users/runner/work/more-mojo/more-mojo/app/build/Build/Intermediates.noindex/XCBuildData/d71a61248c49cae069311c035f9821ea.xcbuilddata
ClangStatCache /Applications/Xcode_16.1.app/Contents/Developer/Toolchains/XcodeDefault.xctoolchain/usr/bin/clang-stat-cache /Applications/Xcode_16.1.app/Contents/Developer/Platforms/MacOSX.platform/Developer/SDKs/MacOSX15.1.sdk /Users/runner/work/more-mojo/more-mojo/app/build/SDKStatCaches.noindex/macosx15.1-24B75-e9bd6b24234ea854f230c6ba307e68e6.sdkstatcache
    cd /Users/runner/work/more-mojo/more-mojo/app/MoreMojoStudio.xcodeproj
    /Applications/Xcode_16.1.app/Contents/Developer/Toolchains/XcodeDefault.xctoolchain/usr/bin/clang-stat-cache /Applications/Xcode_16.1.app/Contents/Developer/Platforms/MacOSX.platform/Developer/SDKs/MacOSX15.1.sdk -o /Users/runner/work/more-mojo/more-mojo/app/build/SDKStatCaches.noindex/macosx15.1-24B75-e9bd6b24234ea854f230c6ba307e68e6.sdkstatcache

CreateBuildDirectory /Users/runner/work/more-mojo/more-mojo/app/build/Build/Products
    cd /Users/runner/work/more-mojo/more-mojo/app/MoreMojoStudio.xcodeproj
    builtin-create-build-directory /Users/runner/work/more-mojo/more-mojo/app/build/Build/Products

CreateBuildDirectory /Users/runner/work/more-mojo/more-mojo/app/build/Build/Intermediates.noindex
    cd /Users/runner/work/more-mojo/more-mojo/app/MoreMojoStudio.xcodeproj
    builtin-create-build-directory /Users/runner/work/more-mojo/more-mojo/app/build/Build/Intermediates.noindex

WriteAuxiliaryFile /Users/runner/work/more-mojo/more-mojo/app/build/Build/Intermediates.noindex/MoreMojoStudio.build/Release/MoreMojoStudio-63276c1610c3561c8ad18e17421ee524-VFS/all-product-headers.yaml
    cd /Users/runner/work/more-mojo/more-mojo/app/MoreMojoStudio.xcodeproj
    write-file /Users/runner/work/more-mojo/more-mojo/app/build/Build/Intermediates.noindex/MoreMojoStudio.build/Release/MoreMojoStudio-63276c1610c3561c8ad18e17421ee524-VFS/all-product-headers.yaml

CreateBuildDirectory /Users/runner/work/more-mojo/more-mojo/app/build/Build/Products/Release
    cd /Users/runner/work/more-mojo/more-mojo/app/MoreMojoStudio.xcodeproj
    builtin-create-build-directory /Users/runner/work/more-mojo/more-mojo/app/build/Build/Products/Release

CreateBuildDirectory /Users/runner/work/more-mojo/more-mojo/app/build/Build/Intermediates.noindex/EagerLinkingTBDs/Release
    cd /Users/runner/work/more-mojo/more-mojo/app/MoreMojoStudio.xcodeproj
    builtin-create-build-directory /Users/runner/work/more-mojo/more-mojo/app/build/Build/Intermediates.noindex/EagerLinkingTBDs/Release

WriteAuxiliaryFile /Users/runner/work/more-mojo/more-mojo/app/build/Build/Intermediates.noindex/MoreMojoStudio.build/Release/MoreMojoStudio.build/Objects-normal/x86_64/MoreMojoStudio_const_extract_protocols.json (in target 'MoreMojoStudio' from project 'MoreMojoStudio')
    cd /Users/runner/work/more-mojo/more-mojo/app
    write-file /Users/runner/work/more-mojo/more-mojo/app/build/Build/Intermediates.noindex/MoreMojoStudio.build/Release/MoreMojoStudio.build/Objects-normal/x86_64/MoreMojoStudio_const_extract_protocols.json

WriteAuxiliaryFile /Users/runner/work/more-mojo/more-mojo/app/build/Build/Intermediates.noindex/MoreMojoStudio.build/Release/MoreMojoStudio.build/Objects-normal/x86_64/MoreMojoStudio.SwiftFileList (in target 'MoreMojoStudio' from project 'MoreMojoStudio')
    cd /Users/runner/work/more-mojo/more-mojo/app
    write-file /Users/runner/work/more-mojo/more-mojo/app/build/Build/Intermediates.noindex/MoreMojoStudio.build/Release/MoreMojoStudio.build/Objects-normal/x86_64/MoreMojoStudio.SwiftFileList

WriteAuxiliaryFile /Users/runner/work/more-mojo/more-mojo/app/build/Build/Intermediates.noindex/MoreMojoStudio.build/Release/MoreMojoStudio.build/Objects-normal/x86_64/MoreMojoStudio.SwiftConstValuesFileList (in target 'MoreMojoStudio' from project 'MoreMojoStudio')
    cd /Users/runner/work/more-mojo/more-mojo/app
    write-file /Users/runner/work/more-mojo/more-mojo/app/build/Build/Intermediates.noindex/MoreMojoStudio.build/Release/MoreMojoStudio.build/Objects-normal/x86_64/MoreMojoStudio.SwiftConstValuesFileList

WriteAuxiliaryFile /Users/runner/work/more-mojo/more-mojo/app/build/Build/Intermediates.noindex/MoreMojoStudio.build/Release/MoreMojoStudio.build/Objects-normal/x86_64/MoreMojoStudio.LinkFileList (in target 'MoreMojoStudio' from project 'MoreMojoStudio')
    cd /Users/runner/work/more-mojo/more-mojo/app
    write-file /Users/runner/work/more-mojo/more-mojo/app/build/Build/Intermediates.noindex/MoreMojoStudio.build/Release/MoreMojoStudio.build/Objects-normal/x86_64/MoreMojoStudio.LinkFileList

WriteAuxiliaryFile /Users/runner/work/more-mojo/more-mojo/app/build/Build/Intermediates.noindex/MoreMojoStudio.build/Release/MoreMojoStudio.build/Objects-normal/x86_64/MoreMojoStudio-OutputFileMap.json (in target 'MoreMojoStudio' from project 'MoreMojoStudio')
    cd /Users/runner/work/more-mojo/more-mojo/app
    write-file /Users/runner/work/more-mojo/more-mojo/app/build/Build/Intermediates.noindex/MoreMojoStudio.build/Release/MoreMojoStudio.build/Objects-normal/x86_64/MoreMojoStudio-OutputFileMap.json

WriteAuxiliaryFile /Users/runner/work/more-mojo/more-mojo/app/build/Build/Intermediates.noindex/MoreMojoStudio.build/Release/MoreMojoStudio.build/Objects-normal/arm64/MoreMojoStudio_const_extract_protocols.json (in target 'MoreMojoStudio' from project 'MoreMojoStudio')
    cd /Users/runner/work/more-mojo/more-mojo/app
    write-file /Users/runner/work/more-mojo/more-mojo/app/build/Build/Intermediates.noindex/MoreMojoStudio.build/Release/MoreMojoStudio.build/Objects-normal/arm64/MoreMojoStudio_const_extract_protocols.json

WriteAuxiliaryFile /Users/runner/work/more-mojo/more-mojo/app/build/Build/Intermediates.noindex/MoreMojoStudio.build/Release/MoreMojoStudio.build/Objects-normal/arm64/MoreMojoStudio.SwiftFileList (in target 'MoreMojoStudio' from project 'MoreMojoStudio')
    cd /Users/runner/work/more-mojo/more-mojo/app
    write-file /Users/runner/work/more-mojo/more-mojo/app/build/Build/Intermediates.noindex/MoreMojoStudio.build/Release/MoreMojoStudio.build/Objects-normal/arm64/MoreMojoStudio.SwiftFileList

WriteAuxiliaryFile /Users/runner/work/more-mojo/more-mojo/app/build/Build/Intermediates.noindex/MoreMojoStudio.build/Release/MoreMojoStudio.build/Objects-normal/arm64/MoreMojoStudio.SwiftConstValuesFileList (in target 'MoreMojoStudio' from project 'MoreMojoStudio')
    cd /Users/runner/work/more-mojo/more-mojo/app
    write-file /Users/runner/work/more-mojo/more-mojo/app/build/Build/Intermediates.noindex/MoreMojoStudio.build/Release/MoreMojoStudio.build/Objects-normal/arm64/MoreMojoStudio.SwiftConstValuesFileList

WriteAuxiliaryFile /Users/runner/work/more-mojo/more-mojo/app/build/Build/Intermediates.noindex/MoreMojoStudio.build/Release/MoreMojoStudio.build/Objects-normal/arm64/MoreMojoStudio.LinkFileList (in target 'MoreMojoStudio' from project 'MoreMojoStudio')
    cd /Users/runner/work/more-mojo/more-mojo/app
    write-file /Users/runner/work/more-mojo/more-mojo/app/build/Build/Intermediates.noindex/MoreMojoStudio.build/Release/MoreMojoStudio.build/Objects-normal/arm64/MoreMojoStudio.LinkFileList

WriteAuxiliaryFile /Users/runner/work/more-mojo/more-mojo/app/build/Build/Intermediates.noindex/MoreMojoStudio.build/Release/MoreMojoStudio.build/Objects-normal/arm64/MoreMojoStudio-OutputFileMap.json (in target 'MoreMojoStudio' from project 'MoreMojoStudio')
    cd /Users/runner/work/more-mojo/more-mojo/app
    write-file /Users/runner/work/more-mojo/more-mojo/app/build/Build/Intermediates.noindex/MoreMojoStudio.build/Release/MoreMojoStudio.build/Objects-normal/arm64/MoreMojoStudio-OutputFileMap.json

WriteAuxiliaryFile /Users/runner/work/more-mojo/more-mojo/app/build/Build/Intermediates.noindex/MoreMojoStudio.build/Release/MoreMojoStudio.build/MoreMojoStudio.hmap (in target 'MoreMojoStudio' from project 'MoreMojoStudio')
    cd /Users/runner/work/more-mojo/more-mojo/app
    write-file /Users/runner/work/more-mojo/more-mojo/app/build/Build/Intermediates.noindex/MoreMojoStudio.build/Release/MoreMojoStudio.build/MoreMojoStudio.hmap

WriteAuxiliaryFile /Users/runner/work/more-mojo/more-mojo/app/build/Build/Intermediates.noindex/MoreMojoStudio.build/Release/MoreMojoStudio.build/MoreMojoStudio.DependencyMetadataFileList (in target 'MoreMojoStudio' from project 'MoreMojoStudio')
    cd /Users/runner/work/more-mojo/more-mojo/app
    write-file /Users/runner/work/more-mojo/more-mojo/app/build/Build/Intermediates.noindex/MoreMojoStudio.build/Release/MoreMojoStudio.build/MoreMojoStudio.DependencyMetadataFileList

WriteAuxiliaryFile /Users/runner/work/more-mojo/more-mojo/app/build/Build/Intermediates.noindex/MoreMojoStudio.build/Release/MoreMojoStudio.build/MoreMojoStudio-project-headers.hmap (in target 'MoreMojoStudio' from project 'MoreMojoStudio')
    cd /Users/runner/work/more-mojo/more-mojo/app
    write-file /Users/runner/work/more-mojo/more-mojo/app/build/Build/Intermediates.noindex/MoreMojoStudio.build/Release/MoreMojoStudio.build/MoreMojoStudio-project-headers.hmap

WriteAuxiliaryFile /Users/runner/work/more-mojo/more-mojo/app/build/Build/Intermediates.noindex/MoreMojoStudio.build/Release/MoreMojoStudio.build/MoreMojoStudio-own-target-headers.hmap (in target 'MoreMojoStudio' from project 'MoreMojoStudio')
    cd /Users/runner/work/more-mojo/more-mojo/app
    write-file /Users/runner/work/more-mojo/more-mojo/app/build/Build/Intermediates.noindex/MoreMojoStudio.build/Release/MoreMojoStudio.build/MoreMojoStudio-own-target-headers.hmap

WriteAuxiliaryFile /Users/runner/work/more-mojo/more-mojo/app/build/Build/Intermediates.noindex/MoreMojoStudio.build/Release/MoreMojoStudio.build/MoreMojoStudio-generated-files.hmap (in target 'MoreMojoStudio' from project 'MoreMojoStudio')
    cd /Users/runner/work/more-mojo/more-mojo/app
    write-file /Users/runner/work/more-mojo/more-mojo/app/build/Build/Intermediates.noindex/MoreMojoStudio.build/Release/MoreMojoStudio.build/MoreMojoStudio-generated-files.hmap

WriteAuxiliaryFile /Users/runner/work/more-mojo/more-mojo/app/build/Build/Intermediates.noindex/MoreMojoStudio.build/Release/MoreMojoStudio.build/MoreMojoStudio-all-target-headers.hmap (in target 'MoreMojoStudio' from project 'MoreMojoStudio')
    cd /Users/runner/work/more-mojo/more-mojo/app
    write-file /Users/runner/work/more-mojo/more-mojo/app/build/Build/Intermediates.noindex/MoreMojoStudio.build/Release/MoreMojoStudio.build/MoreMojoStudio-all-target-headers.hmap

WriteAuxiliaryFile /Users/runner/work/more-mojo/more-mojo/app/build/Build/Intermediates.noindex/MoreMojoStudio.build/Release/MoreMojoStudio.build/MoreMojoStudio-all-non-framework-target-headers.hmap (in target 'MoreMojoStudio' from project 'MoreMojoStudio')
    cd /Users/runner/work/more-mojo/more-mojo/app
    write-file /Users/runner/work/more-mojo/more-mojo/app/build/Build/Intermediates.noindex/MoreMojoStudio.build/Release/MoreMojoStudio.build/MoreMojoStudio-all-non-framework-target-headers.hmap

MkDir /Users/runner/work/more-mojo/more-mojo/app/build/Build/Products/Release/MoreMojoStudio.app/Contents/Resources (in target 'MoreMojoStudio' from project 'MoreMojoStudio')
    cd /Users/runner/work/more-mojo/more-mojo/app
    /bin/mkdir -p /Users/runner/work/more-mojo/more-mojo/app/build/Build/Products/Release/MoreMojoStudio.app/Contents/Resources

MkDir /Users/runner/work/more-mojo/more-mojo/app/build/Build/Products/Release/MoreMojoStudio.app/Contents/MacOS (in target 'MoreMojoStudio' from project 'MoreMojoStudio')
    cd /Users/runner/work/more-mojo/more-mojo/app
    /bin/mkdir -p /Users/runner/work/more-mojo/more-mojo/app/build/Build/Products/Release/MoreMojoStudio.app/Contents/MacOS

MkDir /Users/runner/work/more-mojo/more-mojo/app/build/Build/Products/Release/MoreMojoStudio.app/Contents (in target 'MoreMojoStudio' from project 'MoreMojoStudio')
    cd /Users/runner/work/more-mojo/more-mojo/app
    /bin/mkdir -p /Users/runner/work/more-mojo/more-mojo/app/build/Build/Products/Release/MoreMojoStudio.app/Contents

MkDir /Users/runner/work/more-mojo/more-mojo/app/build/Build/Products/Release/MoreMojoStudio.app (in target 'MoreMojoStudio' from project 'MoreMojoStudio')
    cd /Users/runner/work/more-mojo/more-mojo/app
    /bin/mkdir -p /Users/runner/work/more-mojo/more-mojo/app/build/Build/Products/Release/MoreMojoStudio.app

ProcessInfoPlistFile /Users/runner/work/more-mojo/more-mojo/app/build/Build/Products/Release/MoreMojoStudio.app/Contents/Info.plist /Users/runner/work/more-mojo/more-mojo/app/Info.plist (in target 'MoreMojoStudio' from project 'MoreMojoStudio')
    cd /Users/runner/work/more-mojo/more-mojo/app
    builtin-infoPlistUtility /Users/runner/work/more-mojo/more-mojo/app/Info.plist -producttype com.apple.product-type.application -genpkginfo /Users/runner/work/more-mojo/more-mojo/app/build/Build/Products/Release/MoreMojoStudio.app/Contents/PkgInfo -expandbuildsettings -platform macosx -o /Users/runner/work/more-mojo/more-mojo/app/build/Build/Products/Release/MoreMojoStudio.app/Contents/Info.plist

CpResource /Users/runner/work/more-mojo/more-mojo/app/build/Build/Products/Release/MoreMojoStudio.app/Contents/Resources/Assets.xcassets /Users/runner/work/more-mojo/more-mojo/app/Assets.xcassets (in target 'MoreMojoStudio' from project 'MoreMojoStudio')
    cd /Users/runner/work/more-mojo/more-mojo/app
    builtin-copy -exclude .DS_Store -exclude CVS -exclude .svn -exclude .git -exclude .hg -resolve-src-symlinks /Users/runner/work/more-mojo/more-mojo/app/Assets.xcassets /Users/runner/work/more-mojo/more-mojo/app/build/Build/Products/Release/MoreMojoStudio.app/Contents/Resources

SwiftDriver\ Compilation\ Requirements MoreMojoStudio normal x86_64 com.apple.xcode.tools.swift.compiler (in target 'MoreMojoStudio' from project 'MoreMojoStudio')
    cd /Users/runner/work/more-mojo/more-mojo/app
    builtin-Swift-Compilation-Requirements -- /Applications/Xcode_16.1.app/Contents/Developer/Toolchains/XcodeDefault.xctoolchain/usr/bin/swiftc -module-name MoreMojoStudio -O -whole-module-optimization -enforce-exclusivity\=checked @/Users/runner/work/more-mojo/more-mojo/app/build/Build/Intermediates.noindex/MoreMojoStudio.build/Release/MoreMojoStudio.build/Objects-normal/x86_64/MoreMojoStudio.SwiftFileList -DRELEASE -enable-bare-slash-regex -enable-experimental-feature DebugDescriptionMacro -sdk /Applications/Xcode_16.1.app/Contents/Developer/Platforms/MacOSX.platform/Developer/SDKs/MacOSX15.1.sdk -target x86_64-apple-macos11.0 -g -module-cache-path /Users/runner/work/more-mojo/more-mojo/app/build/ModuleCache.noindex -Xfrontend -serialize-debugging-options -swift-version 5 -I /Users/runner/work/more-mojo/more-mojo/app/build/Build/Products/Release -F /Users/runner/work/more-mojo/more-mojo/app/build/Build/Products/Release -c -num-threads 3 -Xcc -ivfsstatcache -Xcc /Users/runner/work/more-mojo/more-mojo/app/build/SDKStatCaches.noindex/macosx15.1-24B75-e9bd6b24234ea854f230c6ba307e68e6.sdkstatcache -output-file-map /Users/runner/work/more-mojo/more-mojo/app/build/Build/Intermediates.noindex/MoreMojoStudio.build/Release/MoreMojoStudio.build/Objects-normal/x86_64/MoreMojoStudio-OutputFileMap.json -use-frontend-parseable-output -save-temps -no-color-diagnostics -serialize-diagnostics -emit-dependencies -emit-module -emit-module-path /Users/runner/work/more-mojo/more-mojo/app/build/Build/Intermediates.noindex/MoreMojoStudio.build/Release/MoreMojoStudio.build/Objects-normal/x86_64/MoreMojoStudio.swiftmodule -validate-clang-modules-once -clang-build-session-file /Users/runner/work/more-mojo/more-mojo/app/build/ModuleCache.noindex/Session.modulevalidation -Xcc -I/Users/runner/work/more-mojo/more-mojo/app/build/Build/Intermediates.noindex/MoreMojoStudio.build/Release/MoreMojoStudio.build/swift-overrides.hmap -emit-const-values -Xfrontend -const-gather-protocols-file -Xfrontend /Users/runner/work/more-mojo/more-mojo/app/build/Build/Intermediates.noindex/MoreMojoStudio.build/Release/MoreMojoStudio.build/Objects-normal/x86_64/MoreMojoStudio_const_extract_protocols.json -Xcc -iquote -Xcc /Users/runner/work/more-mojo/more-mojo/app/build/Build/Intermediates.noindex/MoreMojoStudio.build/Release/MoreMojoStudio.build/MoreMojoStudio-generated-files.hmap -Xcc -I/Users/runner/work/more-mojo/more-mojo/app/build/Build/Intermediates.noindex/MoreMojoStudio.build/Release/MoreMojoStudio.build/MoreMojoStudio-own-target-headers.hmap -Xcc -I/Users/runner/work/more-mojo/more-mojo/app/build/Build/Intermediates.noindex/MoreMojoStudio.build/Release/MoreMojoStudio.build/MoreMojoStudio-all-target-headers.hmap -Xcc -iquote -Xcc /Users/runner/work/more-mojo/more-mojo/app/build/Build/Intermediates.noindex/MoreMojoStudio.build/Release/MoreMojoStudio.build/MoreMojoStudio-project-headers.hmap -Xcc -I/Users/runner/work/more-mojo/more-mojo/app/build/Build/Products/Release/include -Xcc -I/Users/runner/work/more-mojo/more-mojo/app/build/Build/Intermediates.noindex/MoreMojoStudio.build/Release/MoreMojoStudio.build/DerivedSources-normal/x86_64 -Xcc -I/Users/runner/work/more-mojo/more-mojo/app/build/Build/Intermediates.noindex/MoreMojoStudio.build/Release/MoreMojoStudio.build/DerivedSources/x86_64 -Xcc -I/Users/runner/work/more-mojo/more-mojo/app/build/Build/Intermediates.noindex/MoreMojoStudio.build/Release/MoreMojoStudio.build/DerivedSources -emit-objc-header -emit-objc-header-path /Users/runner/work/more-mojo/more-mojo/app/build/Build/Intermediates.noindex/MoreMojoStudio.build/Release/MoreMojoStudio.build/Objects-normal/x86_64/MoreMojoStudio-Swift.h -working-directory /Users/runner/work/more-mojo/more-mojo/app -no-emit-module-separately-wmo
error: Build input file cannot be found: '/Users/runner/work/more-mojo/more-mojo/app/Sources/ProcessorParams.swift'. Did you forget to declare this file as an output of a script phase or custom build rule which produces it? (in target 'MoreMojoStudio' from project 'MoreMojoStudio')

SwiftDriver\ Compilation\ Requirements MoreMojoStudio normal arm64 com.apple.xcode.tools.swift.compiler (in target 'MoreMojoStudio' from project 'MoreMojoStudio')
    cd /Users/runner/work/more-mojo/more-mojo/app
    builtin-Swift-Compilation-Requirements -- /Applications/Xcode_16.1.app/Contents/Developer/Toolchains/XcodeDefault.xctoolchain/usr/bin/swiftc -module-name MoreMojoStudio -O -whole-module-optimization -enforce-exclusivity\=checked @/Users/runner/work/more-mojo/more-mojo/app/build/Build/Intermediates.noindex/MoreMojoStudio.build/Release/MoreMojoStudio.build/Objects-normal/arm64/MoreMojoStudio.SwiftFileList -DRELEASE -enable-bare-slash-regex -enable-experimental-feature DebugDescriptionMacro -sdk /Applications/Xcode_16.1.app/Contents/Developer/Platforms/MacOSX.platform/Developer/SDKs/MacOSX15.1.sdk -target arm64-apple-macos11.0 -g -module-cache-path /Users/runner/work/more-mojo/more-mojo/app/build/ModuleCache.noindex -Xfrontend -serialize-debugging-options -swift-version 5 -I /Users/runner/work/more-mojo/more-mojo/app/build/Build/Products/Release -F /Users/runner/work/more-mojo/more-mojo/app/build/Build/Products/Release -c -num-threads 3 -Xcc -ivfsstatcache -Xcc /Users/runner/work/more-mojo/more-mojo/app/build/SDKStatCaches.noindex/macosx15.1-24B75-e9bd6b24234ea854f230c6ba307e68e6.sdkstatcache -output-file-map /Users/runner/work/more-mojo/more-mojo/app/build/Build/Intermediates.noindex/MoreMojoStudio.build/Release/MoreMojoStudio.build/Objects-normal/arm64/MoreMojoStudio-OutputFileMap.json -use-frontend-parseable-output -save-temps -no-color-diagnostics -serialize-diagnostics -emit-dependencies -emit-module -emit-module-path /Users/runner/work/more-mojo/more-mojo/app/build/Build/Intermediates.noindex/MoreMojoStudio.build/Release/MoreMojoStudio.build/Objects-normal/arm64/MoreMojoStudio.swiftmodule -validate-clang-modules-once -clang-build-session-file /Users/runner/work/more-mojo/more-mojo/app/build/ModuleCache.noindex/Session.modulevalidation -Xcc -I/Users/runner/work/more-mojo/more-mojo/app/build/Build/Intermediates.noindex/MoreMojoStudio.build/Release/MoreMojoStudio.build/swift-overrides.hmap -emit-const-values -Xfrontend -const-gather-protocols-file -Xfrontend /Users/runner/work/more-mojo/more-mojo/app/build/Build/Intermediates.noindex/MoreMojoStudio.build/Release/MoreMojoStudio.build/Objects-normal/arm64/MoreMojoStudio_const_extract_protocols.json -Xcc -iquote -Xcc /Users/runner/work/more-mojo/more-mojo/app/build/Build/Intermediates.noindex/MoreMojoStudio.build/Release/MoreMojoStudio.build/MoreMojoStudio-generated-files.hmap -Xcc -I/Users/runner/work/more-mojo/more-mojo/app/build/Build/Intermediates.noindex/MoreMojoStudio.build/Release/MoreMojoStudio.build/MoreMojoStudio-own-target-headers.hmap -Xcc -I/Users/runner/work/more-mojo/more-mojo/app/build/Build/Intermediates.noindex/MoreMojoStudio.build/Release/MoreMojoStudio.build/MoreMojoStudio-all-target-headers.hmap -Xcc -iquote -Xcc /Users/runner/work/more-mojo/more-mojo/app/build/Build/Intermediates.noindex/MoreMojoStudio.build/Release/MoreMojoStudio.build/MoreMojoStudio-project-headers.hmap -Xcc -I/Users/runner/work/more-mojo/more-mojo/app/build/Build/Products/Release/include -Xcc -I/Users/runner/work/more-mojo/more-mojo/app/build/Build/Intermediates.noindex/MoreMojoStudio.build/Release/MoreMojoStudio.build/DerivedSources-normal/arm64 -Xcc -I/Users/runner/work/more-mojo/more-mojo/app/build/Build/Intermediates.noindex/MoreMojoStudio.build/Release/MoreMojoStudio.build/DerivedSources/arm64 -Xcc -I/Users/runner/work/more-mojo/more-mojo/app/build/Build/Intermediates.noindex/MoreMojoStudio.build/Release/MoreMojoStudio.build/DerivedSources -emit-objc-header -emit-objc-header-path /Users/runner/work/more-mojo/more-mojo/app/build/Build/Intermediates.noindex/MoreMojoStudio.build/Release/MoreMojoStudio.build/Objects-normal/arm64/MoreMojoStudio-Swift.h -working-directory /Users/runner/work/more-mojo/more-mojo/app -no-emit-module-separately-wmo
error: Build input file cannot be found: '/Users/runner/work/more-mojo/more-mojo/app/Sources/ProcessorParams.swift'. Did you forget to declare this file as an output of a script phase or custom build rule which produces it? (in target 'MoreMojoStudio' from project 'MoreMojoStudio')

SwiftDriver\ Compilation MoreMojoStudio normal x86_64 com.apple.xcode.tools.swift.compiler (in target 'MoreMojoStudio' from project 'MoreMojoStudio')
    cd /Users/runner/work/more-mojo/more-mojo/app
    builtin-Swift-Compilation -- /Applications/Xcode_16.1.app/Contents/Developer/Toolchains/XcodeDefault.xctoolchain/usr/bin/swiftc -module-name MoreMojoStudio -O -whole-module-optimization -enforce-exclusivity\=checked @/Users/runner/work/more-mojo/more-mojo/app/build/Build/Intermediates.noindex/MoreMojoStudio.build/Release/MoreMojoStudio.build/Objects-normal/x86_64/MoreMojoStudio.SwiftFileList -DRELEASE -enable-bare-slash-regex -enable-experimental-feature DebugDescriptionMacro -sdk /Applications/Xcode_16.1.app/Contents/Developer/Platforms/MacOSX.platform/Developer/SDKs/MacOSX15.1.sdk -target x86_64-apple-macos11.0 -g -module-cache-path /Users/runner/work/more-mojo/more-mojo/app/build/ModuleCache.noindex -Xfrontend -serialize-debugging-options -swift-version 5 -I /Users/runner/work/more-mojo/more-mojo/app/build/Build/Products/Release -F /Users/runner/work/more-mojo/more-mojo/app/build/Build/Products/Release -c -num-threads 3 -Xcc -ivfsstatcache -Xcc /Users/runner/work/more-mojo/more-mojo/app/build/SDKStatCaches.noindex/macosx15.1-24B75-e9bd6b24234ea854f230c6ba307e68e6.sdkstatcache -output-file-map /Users/runner/work/more-mojo/more-mojo/app/build/Build/Intermediates.noindex/MoreMojoStudio.build/Release/MoreMojoStudio.build/Objects-normal/x86_64/MoreMojoStudio-OutputFileMap.json -use-frontend-parseable-output -save-temps -no-color-diagnostics -serialize-diagnostics -emit-dependencies -emit-module -emit-module-path /Users/runner/work/more-mojo/more-mojo/app/build/Build/Intermediates.noindex/MoreMojoStudio.build/Release/MoreMojoStudio.build/Objects-normal/x86_64/MoreMojoStudio.swiftmodule -validate-clang-modules-once -clang-build-session-file /Users/runner/work/more-mojo/more-mojo/app/build/ModuleCache.noindex/Session.modulevalidation -Xcc -I/Users/runner/work/more-mojo/more-mojo/app/build/Build/Intermediates.noindex/MoreMojoStudio.build/Release/MoreMojoStudio.build/swift-overrides.hmap -emit-const-values -Xfrontend -const-gather-protocols-file -Xfrontend /Users/runner/work/more-mojo/more-mojo/app/build/Build/Intermediates.noindex/MoreMojoStudio.build/Release/MoreMojoStudio.build/Objects-normal/x86_64/MoreMojoStudio_const_extract_protocols.json -Xcc -iquote -Xcc /Users/runner/work/more-mojo/more-mojo/app/build/Build/Intermediates.noindex/MoreMojoStudio.build/Release/MoreMojoStudio.build/MoreMojoStudio-generated-files.hmap -Xcc -I/Users/runner/work/more-mojo/more-mojo/app/build/Build/Intermediates.noindex/MoreMojoStudio.build/Release/MoreMojoStudio.build/MoreMojoStudio-own-target-headers.hmap -Xcc -I/Users/runner/work/more-mojo/more-mojo/app/build/Build/Intermediates.noindex/MoreMojoStudio.build/Release/MoreMojoStudio.build/MoreMojoStudio-all-target-headers.hmap -Xcc -iquote -Xcc /Users/runner/work/more-mojo/more-mojo/app/build/Build/Intermediates.noindex/MoreMojoStudio.build/Release/MoreMojoStudio.build/MoreMojoStudio-project-headers.hmap -Xcc -I/Users/runner/work/more-mojo/more-mojo/app/build/Build/Products/Release/include -Xcc -I/Users/runner/work/more-mojo/more-mojo/app/build/Build/Intermediates.noindex/MoreMojoStudio.build/Release/MoreMojoStudio.build/DerivedSources-normal/x86_64 -Xcc -I/Users/runner/work/more-mojo/more-mojo/app/build/Build/Intermediates.noindex/MoreMojoStudio.build/Release/MoreMojoStudio.build/DerivedSources/x86_64 -Xcc -I/Users/runner/work/more-mojo/more-mojo/app/build/Build/Intermediates.noindex/MoreMojoStudio.build/Release/MoreMojoStudio.build/DerivedSources -emit-objc-header -emit-objc-header-path /Users/runner/work/more-mojo/more-mojo/app/build/Build/Intermediates.noindex/MoreMojoStudio.build/Release/MoreMojoStudio.build/Objects-normal/x86_64/MoreMojoStudio-Swift.h -working-directory /Users/runner/work/more-mojo/more-mojo/app -no-emit-module-separately-wmo
error: Build input file cannot be found: '/Users/runner/work/more-mojo/more-mojo/app/Sources/ProcessorParams.swift'. Did you forget to declare this file as an output of a script phase or custom build rule which produces it? (in target 'MoreMojoStudio' from project 'MoreMojoStudio')

SwiftDriver\ Compilation MoreMojoStudio normal arm64 com.apple.xcode.tools.swift.compiler (in target 'MoreMojoStudio' from project 'MoreMojoStudio')
    cd /Users/runner/work/more-mojo/more-mojo/app
    builtin-Swift-Compilation -- /Applications/Xcode_16.1.app/Contents/Developer/Toolchains/XcodeDefault.xctoolchain/usr/bin/swiftc -module-name MoreMojoStudio -O -whole-module-optimization -enforce-exclusivity\=checked @/Users/runner/work/more-mojo/more-mojo/app/build/Build/Intermediates.noindex/MoreMojoStudio.build/Release/MoreMojoStudio.build/Objects-normal/arm64/MoreMojoStudio.SwiftFileList -DRELEASE -enable-bare-slash-regex -enable-experimental-feature DebugDescriptionMacro -sdk /Applications/Xcode_16.1.app/Contents/Developer/Platforms/MacOSX.platform/Developer/SDKs/MacOSX15.1.sdk -target arm64-apple-macos11.0 -g -module-cache-path /Users/runner/work/more-mojo/more-mojo/app/build/ModuleCache.noindex -Xfrontend -serialize-debugging-options -swift-version 5 -I /Users/runner/work/more-mojo/more-mojo/app/build/Build/Products/Release -F /Users/runner/work/more-mojo/more-mojo/app/build/Build/Products/Release -c -num-threads 3 -Xcc -ivfsstatcache -Xcc /Users/runner/work/more-mojo/more-mojo/app/build/SDKStatCaches.noindex/macosx15.1-24B75-e9bd6b24234ea854f230c6ba307e68e6.sdkstatcache -output-file-map /Users/runner/work/more-mojo/more-mojo/app/build/Build/Intermediates.noindex/MoreMojoStudio.build/Release/MoreMojoStudio.build/Objects-normal/arm64/MoreMojoStudio-OutputFileMap.json -use-frontend-parseable-output -save-temps -no-color-diagnostics -serialize-diagnostics -emit-dependencies -emit-module -emit-module-path /Users/runner/work/more-mojo/more-mojo/app/build/Build/Intermediates.noindex/MoreMojoStudio.build/Release/MoreMojoStudio.build/Objects-normal/arm64/MoreMojoStudio.swiftmodule -validate-clang-modules-once -clang-build-session-file /Users/runner/work/more-mojo/more-mojo/app/build/ModuleCache.noindex/Session.modulevalidation -Xcc -I/Users/runner/work/more-mojo/more-mojo/app/build/Build/Intermediates.noindex/MoreMojoStudio.build/Release/MoreMojoStudio.build/swift-overrides.hmap -emit-const-values -Xfrontend -const-gather-protocols-file -Xfrontend /Users/runner/work/more-mojo/more-mojo/app/build/Build/Intermediates.noindex/MoreMojoStudio.build/Release/MoreMojoStudio.build/Objects-normal/arm64/MoreMojoStudio_const_extract_protocols.json -Xcc -iquote -Xcc /Users/runner/work/more-mojo/more-mojo/app/build/Build/Intermediates.noindex/MoreMojoStudio.build/Release/MoreMojoStudio.build/MoreMojoStudio-generated-files.hmap -Xcc -I/Users/runner/work/more-mojo/more-mojo/app/build/Build/Intermediates.noindex/MoreMojoStudio.build/Release/MoreMojoStudio.build/MoreMojoStudio-own-target-headers.hmap -Xcc -I/Users/runner/work/more-mojo/more-mojo/app/build/Build/Intermediates.noindex/MoreMojoStudio.build/Release/MoreMojoStudio.build/MoreMojoStudio-all-target-headers.hmap -Xcc -iquote -Xcc /Users/runner/work/more-mojo/more-mojo/app/build/Build/Intermediates.noindex/MoreMojoStudio.build/Release/MoreMojoStudio.build/MoreMojoStudio-project-headers.hmap -Xcc -I/Users/runner/work/more-mojo/more-mojo/app/build/Build/Products/Release/include -Xcc -I/Users/runner/work/more-mojo/more-mojo/app/build/Build/Intermediates.noindex/MoreMojoStudio.build/Release/MoreMojoStudio.build/DerivedSources-normal/arm64 -Xcc -I/Users/runner/work/more-mojo/more-mojo/app/build/Build/Intermediates.noindex/MoreMojoStudio.build/Release/MoreMojoStudio.build/DerivedSources/arm64 -Xcc -I/Users/runner/work/more-mojo/more-mojo/app/build/Build/Intermediates.noindex/MoreMojoStudio.build/Release/MoreMojoStudio.build/DerivedSources -emit-objc-header -emit-objc-header-path /Users/runner/work/more-mojo/more-mojo/app/build/Build/Intermediates.noindex/MoreMojoStudio.build/Release/MoreMojoStudio.build/Objects-normal/arm64/MoreMojoStudio-Swift.h -working-directory /Users/runner/work/more-mojo/more-mojo/app -no-emit-module-separately-wmo
error: Build input file cannot be found: '/Users/runner/work/more-mojo/more-mojo/app/Sources/ProcessorParams.swift'. Did you forget to declare this file as an output of a script phase or custom build rule which produces it? (in target 'MoreMojoStudio' from project 'MoreMojoStudio')

note: Disabling previews because SWIFT_VERSION is set and SWIFT_OPTIMIZATION_LEVEL=-O, expected -Onone (in target 'MoreMojoStudio' from project 'MoreMojoStudio')

Result bundle written to path:
	/Users/runner/work/more-mojo/more-mojo/app/build/App.xcresult

** BUILD FAILED **


The following build commands failed:
	SwiftDriver\ Compilation\ Requirements MoreMojoStudio normal x86_64 com.apple.xcode.tools.swift.compiler (in target 'MoreMojoStudio' from project 'MoreMojoStudio')
	SwiftDriver\ Compilation\ Requirements MoreMojoStudio normal arm64 com.apple.xcode.tools.swift.compiler (in target 'MoreMojoStudio' from project 'MoreMojoStudio')
	SwiftDriver\ Compilation MoreMojoStudio normal x86_64 com.apple.xcode.tools.swift.compiler (in target 'MoreMojoStudio' from project 'MoreMojoStudio')
	SwiftDriver\ Compilation MoreMojoStudio normal arm64 com.apple.xcode.tools.swift.compiler (in target 'MoreMojoStudio' from project 'MoreMojoStudio')
	Building project MoreMojoStudio with scheme MoreMojoStudio and configuration Release
(5 failures)
