[SkinManager] Loaded skin from folder: /Volumes/MP 1/MoreMojo/Knobs/App Knobs folder/kit-07, knobImage=270x270, meterVUFrame=0x0, meterLEDStrip=0x0, filesFound=396, knobFrames=396, vuFrames=0, buttonFrames=2, switchFrames=2
[SkinManager] Loaded skin from folder: /Volumes/MP 1/MoreMojo/Knobs/VU-Meter-04, knobImage=270x270, meterVUFrame=500x500, meterLEDStrip=0x0, filesFound=137, knobFrames=396, vuFrames=137, buttonFrames=2, switchFrames=2
[resized] ledMeter1=0 0 0 0 ledMeter2=0 0 0 0 waveform=16 16 0 0 transport=28 16 0 0
[resized] ledMeter1=24 24 0 0 ledMeter2=24 24 0 0 waveform=148 16 604 528 transport=160 544 580 40
[resized] ledMeter1=24 24 104 278 ledMeter2=772 24 104 278 waveform=148 16 609 518 transport=160 534 585 40
[resized] ledMeter1=24 24 104 273 ledMeter2=777 24 104 273 waveform=148 16 622 517 transport=160 533 598 40
[resized] ledMeter1=24 24 104 272 ledMeter2=790 24 104 272 waveform=148 16 631 517 transport=160 533 607 40
[resized] ledMeter1=24 24 104 272 ledMeter2=799 24 104 272 waveform=148 16 661 518 transport=160 534 637 40
[resized] ledMeter1=24 24 104 273 ledMeter2=829 24 104 273 waveform=148 16 691 513 transport=160 529 667 40
[resized] ledMeter1=24 24 104 270 ledMeter2=859 24 104 270 waveform=148 16 719 507 transport=160 523 695 40
[resized] ledMeter1=24 24 104 267 ledMeter2=887 24 104 267 waveform=148 16 728 505 transport=160 521 704 40
[resized] ledMeter1=24 24 104 266 ledMeter2=896 24 104 266 waveform=148 16 745 504 transport=160 520 721 40
[resized] ledMeter1=24 24 104 266 ledMeter2=913 24 104 266 waveform=148 16 765 501 transport=160 517 741 40
[resized] ledMeter1=24 24 104 264 ledMeter2=933 24 104 264 waveform=148 16 770 500 transport=160 516 746 40
[resized] ledMeter1=24 24 104 264 ledMeter2=938 24 104 264 waveform=148 16 775 497 transport=160 513 751 40
[resized] ledMeter1=24 24 104 262 ledMeter2=943 24 104 262 waveform=148 16 775 496 transport=160 512 751 40
[resized] ledMeter1=24 24 104 262 ledMeter2=943 24 104 262 waveform=148 16 775 497 transport=160 513 751 40
[resized] ledMeter1=24 24 104 262 ledMeter2=943 24 104 262 waveform=148 16 776 497 transport=160 513 752 40
[resized] ledMeter1=24 24 104 262 ledMeter2=944 24 104 262 waveform=148 16 785 514 transport=160 530 761 40
[resized] ledMeter1=24 24 104 271 ledMeter2=953 24 104 271 waveform=148 16 788 521 transport=160 537 764 40
[resized] ledMeter1=24 24 104 274 ledMeter2=956 24 104 274 waveform=148 16 798 545 transport=160 561 774 40
[resized] ledMeter1=24 24 104 286 ledMeter2=966 24 104 286 waveform=148 16 808 574 transport=160 590 784 40
[resized] ledMeter1=24 24 104 301 ledMeter2=976 24 104 301 waveform=148 16 819 604 transport=160 620 795 40
[resized] ledMeter1=24 24 104 316 ledMeter2=987 24 104 316 waveform=148 16 827 624 transport=160 640 803 40
[resized] ledMeter1=24 24 104 326 ledMeter2=995 24 104 326 waveform=148 16 838 646 transport=160 662 814 40
[resized] ledMeter1=24 24 104 337 ledMeter2=1006 24 104 337 waveform=148 16 841 654 transport=160 670 817 40
[resized] ledMeter1=24 24 104 341 ledMeter2=1009 24 104 341 waveform=148 16 842 656 transport=160 672 818 40
[resized] ledMeter1=24 24 104 342 ledMeter2=1010 24 104 342 waveform=148 16 842 660 transport=160 676 818 40
[resized] ledMeter1=24 24 104 344 ledMeter2=1010 24 104 344 waveform=148 16 842 662 transport=160 678 818 40
[resized] ledMeter1=24 24 104 345 ledMeter2=1010 24 104 345 waveform=148 16 841 664 transport=160 680 817 40
[resized] ledMeter1=24 24 104 346 ledMeter2=1009 24 104 346 waveform=148 16 839 667 transport=160 683 815 40
[resized] ledMeter1=24 24 104 347 ledMeter2=1007 24 104 347 waveform=148 16 838 669 transport=160 685 814 40
[resized] ledMeter1=24 24 104 348 ledMeter2=1006 24 104 348 waveform=148 16 838 670 transport=160 686 814 40
[resized] ledMeter1=24 24 104 349 ledMeter2=1006 24 104 349 waveform=148 16 838 671 transport=160 687 814 40
[resized] ledMeter1=24 24 104 349 ledMeter2=1006 24 104 349 waveform=148 16 838 672 transport=160 688 814 40
[resized] ledMeter1=24 24 104 350 ledMeter2=1006 24 104 350 waveform=148 16 839 673 transport=160 689 815 40
[resized] ledMeter1=24 24 104 350 ledMeter2=1007 24 104 350 waveform=148 16 841 675 transport=160 691 817 40
[resized] ledMeter1=24 24 104 351 ledMeter2=1009 24 104 351 waveform=148 16 842 677 transport=160 693 818 40
[resized] ledMeter1=24 24 104 352 ledMeter2=1010 24 104 352 waveform=148 16 844 677 transport=160 693 820 40
[resized] ledMeter1=24 24 104 352 ledMeter2=1012 24 104 352 waveform=148 16 846 679 transport=160 695 822 40
[resized] ledMeter1=24 24 104 353 ledMeter2=1014 24 104 353 waveform=148 16 849 681 transport=160 697 825 40
[resized] ledMeter1=24 24 104 354 ledMeter2=1017 24 104 354 waveform=148 16 849 682 transport=160 698 825 40
[resized] ledMeter1=24 24 104 355 ledMeter2=1017 24 104 355 waveform=148 16 848 682 transport=160 698 824 40
[resized] ledMeter1=24 24 104 355 ledMeter2=1016 24 104 355 waveform=148 16 847 682 transport=160 698 823 40
[resized] ledMeter1=24 24 104 355 ledMeter2=1015 24 104 355 waveform=148 16 846 683 transport=160 699 822 40
[resized] ledMeter1=24 24 104 355 ledMeter2=1014 24 104 355 waveform=148 16 846 685 transport=160 701 822 40
[resized] ledMeter1=24 24 104 356 ledMeter2=1014 24 104 356 waveform=148 16 846 687 transport=160 703 822 40
[resized] ledMeter1=24 24 104 357 ledMeter2=1014 24 104 357 waveform=148 16 846 689 transport=160 705 822 40
[resized] ledMeter1=24 24 104 358 ledMeter2=1014 24 104 358 waveform=148 16 846 693 transport=160 709 822 40
[resized] ledMeter1=24 24 104 360 ledMeter2=1014 24 104 360 waveform=148 16 846 696 transport=160 712 822 40
[resized] ledMeter1=24 24 104 362 ledMeter2=1014 24 104 362 waveform=148 16 846 700 transport=160 716 822 40
[resized] ledMeter1=24 24 104 364 ledMeter2=1014 24 104 364 waveform=148 16 846 701 transport=160 717 822 40
[resized] ledMeter1=24 24 104 364 ledMeter2=1014 24 104 364 waveform=148 16 846 702 transport=160 718 822 40
[resized] ledMeter1=24 24 104 365 ledMeter2=1014 24 104 365 waveform=148 16 846 703 transport=160 719 822 40
[resized] ledMeter1=24 24 104 365 ledMeter2=1014 24 104 365 waveform=148 16 847 704 transport=160 720 823 40
[resized] ledMeter1=24 24 104 366 ledMeter2=1015 24 104 366 waveform=148 16 850 705 transport=160 721 826 40
[resized] ledMeter1=24 24 104 366 ledMeter2=1018 24 104 366 waveform=148 16 854 707 transport=160 723 830 40
[resized] ledMeter1=24 24 104 367 ledMeter2=1022 24 104 367 waveform=148 16 864 711 transport=160 727 840 40
[resized] ledMeter1=24 24 104 369 ledMeter2=1032 24 104 369 waveform=148 16 877 713 transport=160 729 853 40
[resized] ledMeter1=24 24 104 370 ledMeter2=1045 24 104 370 waveform=148 16 893 715 transport=160 731 869 40
[resized] ledMeter1=24 24 104 371 ledMeter2=1061 24 104 371 waveform=148 16 899 716 transport=160 732 875 40
[resized] ledMeter1=24 24 104 372 ledMeter2=1067 24 104 372 waveform=148 16 903 716 transport=160 732 879 40
[resized] ledMeter1=24 24 104 372 ledMeter2=1071 24 104 372 waveform=148 16 905 716 transport=160 732 881 40
[resized] ledMeter1=24 24 104 372 ledMeter2=1073 24 104 372 waveform=148 16 906 716 transport=160 732 882 40
[resized] ledMeter1=24 24 104 372 ledMeter2=1074 24 104 372 waveform=148 16 907 716 transport=160 732 883 40
[resized] ledMeter1=24 24 104 372 ledMeter2=1075 24 104 372 waveform=148 16 908 716 transport=160 732 884 40
[resized] ledMeter1=24 24 104 372 ledMeter2=1076 24 104 372 waveform=148 16 909 716 transport=160 732 885 40
[resized] ledMeter1=24 24 104 372 ledMeter2=1077 24 104 372 waveform=148 16 921 723 transport=160 739 897 40
[resized] ledMeter1=24 24 104 375 ledMeter2=1089 24 104 375 waveform=148 16 931 728 transport=160 744 907 40
[resized] ledMeter1=24 24 104 378 ledMeter2=1099 24 104 378 waveform=148 16 936 731 transport=160 747 912 40
[resized] ledMeter1=24 24 104 379 ledMeter2=1104 24 104 379 waveform=148 16 949 736 transport=160 752 925 40
[resized] ledMeter1=24 24 104 382 ledMeter2=1117 24 104 382 waveform=148 16 957 740 transport=160 756 933 40
[resized] ledMeter1=24 24 104 384 ledMeter2=1125 24 104 384 waveform=148 16 980 748 transport=160 764 956 40
[resized] ledMeter1=24 24 104 388 ledMeter2=1148 24 104 388 waveform=148 16 1020 759 transport=160 775 996 40
[resized] ledMeter1=24 24 104 393 ledMeter2=1188 24 104 393 waveform=148 16 1047 763 transport=160 779 1023 40
[resized] ledMeter1=24 24 104 395 ledMeter2=1215 24 104 395 waveform=148 16 1058 764 transport=160 780 1034 40
[resized] ledMeter1=24 24 104 396 ledMeter2=1226 24 104 396 waveform=148 16 1076 764 transport=160 780 1052 40
[resized] ledMeter1=24 24 104 396 ledMeter2=1244 24 104 396 waveform=148 16 1083 762 transport=160 778 1059 40
[resized] ledMeter1=24 24 104 395 ledMeter2=1251 24 104 395 waveform=148 16 1090 759 transport=160 775 1066 40
[resized] ledMeter1=24 24 104 393 ledMeter2=1258 24 104 393 waveform=148 16 1090 756 transport=160 772 1066 40
[resized] ledMeter1=24 24 104 392 ledMeter2=1258 24 104 392 waveform=148 16 1087 751 transport=160 767 1063 40
[resized] ledMeter1=24 24 104 389 ledMeter2=1255 24 104 389 waveform=148 16 1086 747 transport=160 763 1062 40
[resized] ledMeter1=24 24 104 387 ledMeter2=1254 24 104 387 waveform=148 16 1086 745 transport=160 761 1062 40
[resized] ledMeter1=24 24 104 386 ledMeter2=1254 24 104 386 waveform=148 16 1086 746 transport=160 762 1062 40
[resized] ledMeter1=24 24 104 387 ledMeter2=1254 24 104 387 waveform=148 16 1086 750 transport=160 766 1062 40
[resized] ledMeter1=24 24 104 389 ledMeter2=1254 24 104 389 waveform=148 16 1088 753 transport=160 769 1064 40
[resized] ledMeter1=24 24 104 390 ledMeter2=1256 24 104 390 waveform=148 16 1089 757 transport=160 773 1065 40
[resized] ledMeter1=24 24 104 392 ledMeter2=1257 24 104 392 waveform=148 16 1097 774 transport=160 790 1073 40
[resized] ledMeter1=24 24 104 401 ledMeter2=1265 24 104 401 waveform=148 16 1102 787 transport=160 803 1078 40
[resized] ledMeter1=24 24 104 407 ledMeter2=1270 24 104 407 waveform=148 16 1108 802 transport=160 818 1084 40
[resized] ledMeter1=24 24 104 415 ledMeter2=1276 24 104 415 waveform=148 16 1117 824 transport=160 840 1093 40
[resized] ledMeter1=24 24 104 426 ledMeter2=1285 24 104 426 waveform=148 16 1120 832 transport=160 848 1096 40
[resized] ledMeter1=24 24 104 430 ledMeter2=1288 24 104 430 waveform=148 16 1127 849 transport=160 865 1103 40
[resized] ledMeter1=24 24 104 438 ledMeter2=1295 24 104 438 waveform=148 16 1135 873 transport=160 889 1111 40
[resized] ledMeter1=24 24 104 450 ledMeter2=1303 24 104 450 waveform=148 16 1139 886 transport=160 902 1115 40
[resized] ledMeter1=24 24 104 457 ledMeter2=1307 24 104 457 waveform=148 16 1141 891 transport=160 907 1117 40
[resized] ledMeter1=24 24 104 459 ledMeter2=1309 24 104 459 waveform=148 16 1142 897 transport=160 913 1118 40
[resized] ledMeter1=24 24 104 462 ledMeter2=1310 24 104 462 waveform=148 16 1142 898 transport=160 914 1118 40
[resized] ledMeter1=24 24 104 463 ledMeter2=1310 24 104 463 waveform=148 16 1141 899 transport=160 915 1117 40
[resized] ledMeter1=24 24 104 463 ledMeter2=1309 24 104 463 waveform=148 16 1140 900 transport=160 916 1116 40
[resized] ledMeter1=24 24 104 464 ledMeter2=1308 24 104 464 waveform=148 16 1139 901 transport=160 917 1115 40
[resized] ledMeter1=24 24 104 464 ledMeter2=1307 24 104 464 waveform=148 16 1138 903 transport=160 919 1114 40
[resized] ledMeter1=24 24 104 465 ledMeter2=1306 24 104 465 waveform=148 16 1136 906 transport=160 922 1112 40
[resized] ledMeter1=24 24 104 467 ledMeter2=1304 24 104 467 waveform=148 16 1135 911 transport=160 927 1111 40
[resized] ledMeter1=24 24 104 469 ledMeter2=1303 24 104 469 waveform=148 16 1134 916 transport=160 932 1110 40
[resized] ledMeter1=24 24 104 472 ledMeter2=1302 24 104 472 waveform=148 16 1134 922 transport=160 938 1110 40
[resized] ledMeter1=24 24 104 475 ledMeter2=1302 24 104 475 waveform=148 16 1134 925 transport=160 941 1110 40
[resized] ledMeter1=24 24 104 476 ledMeter2=1302 24 104 476 waveform=148 16 1134 928 transport=160 944 1110 40
[resized] ledMeter1=24 24 104 478 ledMeter2=1302 24 104 478 waveform=148 16 1134 931 transport=160 947 1110 40
[resized] ledMeter1=24 24 104 479 ledMeter2=1302 24 104 479 waveform=148 16 1134 932 transport=160 948 1110 40
[resized] ledMeter1=24 24 104 480 ledMeter2=1302 24 104 480 waveform=148 16 1135 934 transport=160 950 1111 40
[resized] ledMeter1=24 24 104 481 ledMeter2=1303 24 104 481 waveform=148 16 1135 935 transport=160 951 1111 40
[resized] ledMeter1=24 24 104 481 ledMeter2=1303 24 104 481 waveform=148 16 1135 936 transport=160 952 1111 40
[resized] ledMeter1=24 24 104 482 ledMeter2=1303 24 104 482 waveform=148 16 1135 938 transport=160 954 1111 40
[resized] ledMeter1=24 24 104 483 ledMeter2=1303 24 104 483 waveform=148 16 1135 939 transport=160 955 1111 40
[resized] ledMeter1=24 24 104 483 ledMeter2=1303 24 104 483 waveform=148 16 1134 942 transport=160 958 1110 40
[resized] ledMeter1=24 24 104 485 ledMeter2=1302 24 104 485 waveform=148 16 1134 944 transport=160 960 1110 40
[resized] ledMeter1=24 24 104 486 ledMeter2=1302 24 104 486 waveform=148 16 1134 948 transport=160 964 1110 40
[resized] ledMeter1=24 24 104 488 ledMeter2=1302 24 104 488 waveform=148 16 1134 951 transport=160 967 1110 40
[resized] ledMeter1=24 24 104 489 ledMeter2=1302 24 104 489 waveform=148 16 1134 954 transport=160 970 1110 40
[resized] ledMeter1=24 24 104 491 ledMeter2=1302 24 104 491 waveform=148 16 1134 956 transport=160 972 1110 40
[resized] ledMeter1=24 24 104 492 ledMeter2=1302 24 104 492 waveform=148 16 1134 959 transport=160 975 1110 40
[resized] ledMeter1=24 24 104 493 ledMeter2=1302 24 104 493 waveform=148 16 1135 961 transport=160 977 1111 40
[UI] Action clicked
[SkinManager] Loaded skin from folder: /Volumes/MP 1/MoreMojo/Knobs/App Knobs folder/kit-07, knobImage=270x270, meterVUFrame=500x500, meterLEDStrip=0x0, filesFound=396, knobFrames=396, vuFrames=137, buttonFrames=2, switchFrames=2
[SkinManager] Loaded skin from folder: /Volumes/MP 1/MoreMojo/Knobs/App Knobs folder/knob-70, knobImage=270x270, meterVUFrame=500x500, meterLEDStrip=0x0, filesFound=513, knobFrames=396, vuFrames=137, buttonFrames=2, switchFrames=2
[SkinManager] Loaded skin from folder: /Volumes/MP 1/MoreMojo/Knobs/App Knobs folder/knob-70, knobImage=270x270, meterVUFrame=500x500, meterLEDStrip=0x0, filesFound=513, knobFrames=396, vuFrames=137, buttonFrames=2, switchFrames=2
[SkinManager] Loaded skin from folder: /Volumes/MP 1/MoreMojo/Knobs/VU-Meter-04, knobImage=270x270, meterVUFrame=500x500, meterLEDStrip=0x0, filesFound=137, knobFrames=396, vuFrames=137, buttonFrames=2, switchFrames=2
[SkinManager] Loaded skin from folder: /Volumes/MP 1/MoreMojo/Knobs/VU-Meter-04, knobImage=270x270, meterVUFrame=500x500, meterLEDStrip=0x0, filesFound=137, knobFrames=396, vuFrames=137, buttonFrames=2, switchFrames=2
[SkinManager] Loaded skin from folder: /Volumes/MP 1/MoreMojo/Knobs/VU-Meter-04, knobImage=270x270, meterVUFrame=500x500, meterLEDStrip=0x0, filesFound=137, knobFrames=396, vuFrames=137, buttonFrames=2, switchFrames=2
[SkinManager] Loaded skin from folder: /Volumes/MP 1/MoreMojo/Knobs/VU-Meter-04, knobImage=270x270, meterVUFrame=500x500, meterLEDStrip=0x0, filesFound=137, knobFrames=396, vuFrames=137, buttonFrames=2, switchFrames=2
[UI] Action clicked
[UI] Action clicked
[SkinManager] Loaded skin from folder: /Volumes/MP 1/MoreMojo/Knobs/App Knobs folder/kit-07, knobImage=270x270, meterVUFrame=500x500, meterLEDStrip=0x0, filesFound=396, knobFrames=396, vuFrames=137, buttonFrames=2, switchFrames=2
[SkinManager] Loaded skin from folder: /Volumes/MP 1/MoreMojo/Knobs/App Knobs folder/knob-70, knobImage=270x270, meterVUFrame=500x500, meterLEDStrip=0x0, filesFound=513, knobFrames=396, vuFrames=137, buttonFrames=2, switchFrames=2
[SkinManager] Loaded skin from folder: /Volumes/MP 1/MoreMojo/Knobs/VU-Meter-04, knobImage=270x270, meterVUFrame=500x500, meterLEDStrip=0x0, filesFound=137, knobFrames=396, vuFrames=137, buttonFrames=2, switchFrames=2
[SkinManager] Loaded skin from folder: /Volumes/MP 1/MoreMojo/Knobs/VU-Meter-04, knobImage=270x270, meterVUFrame=500x500, meterLEDStrip=0x0, filesFound=137, knobFrames=396, vuFrames=137, buttonFrames=2, switchFrames=2
[SkinManager] Loaded skin from folder: /Volumes/MP 1/MoreMojo/Knobs/App Knobs folder/kit-07, knobImage=270x270, meterVUFrame=0x0, meterLEDStrip=0x0, filesFound=396, knobFrames=396, vuFrames=0, buttonFrames=2, switchFrames=2
[SkinManager] Loaded skin from folder: /Volumes/MP 1/MoreMojo/Knobs/VU-Meter-04, knobImage=270x270, meterVUFrame=500x500, meterLEDStrip=0x0, filesFound=137, knobFrames=396, vuFrames=137, buttonFrames=2, switchFrames=2
[resized] ledMeter1=0 0 0 0 ledMeter2=0 0 0 0 waveform=16 16 0 0 transport=28 16 0 0
[resized] ledMeter1=24 24 0 0 ledMeter2=24 24 0 0 waveform=148 16 604 260 transport=160 276 580 36
[resized] ledMeter1=24 24 104 456 ledMeter2=772 24 104 456 waveform=148 16 608 260 transport=160 276 584 36
[resized] ledMeter1=24 24 104 462 ledMeter2=776 24 104 462 waveform=148 16 610 260 transport=160 276 586 36
[resized] ledMeter1=24 24 104 464 ledMeter2=778 24 104 464 waveform=148 16 611 260 transport=160 276 587 36
[resized] ledMeter1=24 24 104 468 ledMeter2=779 24 104 468 waveform=148 16 613 260 transport=160 276 589 36
[resized] ledMeter1=24 24 104 478 ledMeter2=781 24 104 478 waveform=148 16 615 260 transport=160 276 591 36
[resized] ledMeter1=24 24 104 495 ledMeter2=783 24 104 495 waveform=148 16 616 260 transport=160 276 592 36
[resized] ledMeter1=24 24 104 503 ledMeter2=784 24 104 503 waveform=148 16 622 260 transport=160 276 598 36
[resized] ledMeter1=24 24 104 523 ledMeter2=790 24 104 523 waveform=148 16 631 260 transport=160 276 607 36
[resized] ledMeter1=24 24 104 538 ledMeter2=799 24 104 538 waveform=148 16 639 260 transport=160 276 615 36
[resized] ledMeter1=24 24 104 548 ledMeter2=807 24 104 548 waveform=148 16 644 260 transport=160 276 620 36
[resized] ledMeter1=24 24 104 560 ledMeter2=812 24 104 560 waveform=148 16 643 260 transport=160 276 619 36
[resized] ledMeter1=24 24 104 570 ledMeter2=811 24 104 570 waveform=148 16 641 260 transport=160 276 617 36
[resized] ledMeter1=24 24 104 573 ledMeter2=809 24 104 573 waveform=148 16 640 260 transport=160 276 616 36
[resized] ledMeter1=24 24 104 573 ledMeter2=808 24 104 573 waveform=148 16 639 260 transport=160 276 615 36
[resized] ledMeter1=24 24 104 575 ledMeter2=807 24 104 575 waveform=148 16 637 260 transport=160 276 613 36
[resized] ledMeter1=24 24 104 577 ledMeter2=805 24 104 577 waveform=148 16 636 260 transport=160 276 612 36
[resized] ledMeter1=24 24 104 582 ledMeter2=804 24 104 582 waveform=148 16 635 260 transport=160 276 611 36
[resized] ledMeter1=24 24 104 600 ledMeter2=803 24 104 600 waveform=148 16 636 260 transport=160 276 612 36
[resized] ledMeter1=24 24 104 604 ledMeter2=804 24 104 604 waveform=148 16 637 260 transport=160 276 613 36
[resized] ledMeter1=24 24 104 607 ledMeter2=805 24 104 607 waveform=148 16 638 260 transport=160 276 614 36
[resized] ledMeter1=24 24 104 610 ledMeter2=806 24 104 610 waveform=148 16 642 260 transport=160 276 618 36
[resized] ledMeter1=24 24 104 618 ledMeter2=810 24 104 618 waveform=148 16 643 260 transport=160 276 619 36
[resized] ledMeter1=24 24 104 618 ledMeter2=811 24 104 618 waveform=148 16 644 260 transport=160 276 620 36
[resized] ledMeter1=24 24 104 618 ledMeter2=812 24 104 618 waveform=148 16 644 260 transport=160 276 620 36
[resized] ledMeter1=24 24 104 619 ledMeter2=812 24 104 619 waveform=148 16 645 260 transport=160 276 621 36
[resized] ledMeter1=24 24 104 619 ledMeter2=813 24 104 619 waveform=148 16 646 260 transport=160 276 622 36
[resized] ledMeter1=24 24 104 620 ledMeter2=814 24 104 620 waveform=148 16 647 260 transport=160 276 623 36
[SkinManager] Loaded skin from folder: /Volumes/MP 1/MoreMojo/Knobs/App Knobs folder/kit-07, knobImage=270x270, meterVUFrame=0x0, meterLEDStrip=0x0, filesFound=396, knobFrames=396, vuFrames=0, buttonFrames=2, switchFrames=2
[SkinManager] Loaded skin from folder: /Volumes/MP 1/MoreMojo/Knobs/VU-Meter-04, knobImage=270x270, meterVUFrame=500x500, meterLEDStrip=0x0, filesFound=137, knobFrames=396, vuFrames=137, buttonFrames=2, switchFrames=2
[resized] ledMeter1=0 0 0 0 ledMeter2=0 0 0 0 waveform=16 16 0 0 transport=28 16 0 0
[resized] ledMeter1=24 24 0 0 ledMeter2=24 24 0 0 waveform=148 16 604 180 transport=160 196 580 28
[SkinManager] Loaded skin from folder: /Volumes/MP 1/MoreMojo/NeptuneUI/03 Delivery, knobImage=241x241, meterVUFrame=397x33153, meterLEDStrip=0x0, filesFound=2112, knobFrames=257, vuFrames=0, buttonFrames=2, switchFrames=2
[resized] ledMeter1=0 0 0 0 ledMeter2=0 0 0 0 waveform=16 16 0 0 transport=28 16 0 0
[resized] ledMeter1=24 24 0 0 ledMeter2=24 24 0 0 waveform=148 16 604 180 transport=160 196 580 28
[SkinManager] Loaded skin from folder: /Volumes/MP 1/MoreMojo/NeptuneUI/03 Delivery/VST/Assets/Animation, knobImage=482x123874, meterVUFrame=397x33153, meterLEDStrip=0x0, filesFound=1038, knobFrames=257, vuFrames=0, buttonFrames=2, switchFrames=2
[resized] ledMeter1=0 0 0 0 ledMeter2=0 0 0 0 waveform=16 16 0 0 transport=28 16 0 0
[resized] ledMeter1=24 24 0 0 ledMeter2=24 24 0 0 waveform=148 16 604 180 transport=160 196 580 28
[SkinManager] Loaded skin from folder: /Volumes/MP 1/MoreMojo/NeptuneUI/03 Delivery/VST/Assets/Animation/stripes, knobImage=482x123874, meterVUFrame=397x33153, meterLEDStrip=0x0, filesFound=7, knobFrames=257, vuFrames=0, buttonFrames=2, switchFrames=2
[resized] ledMeter1=0 0 0 0 ledMeter2=0 0 0 0 waveform=16 16 0 0 transport=24 16 0 0
[resized] ledMeter1=20 20 0 0 ledMeter2=20 20 0 0 waveform=80 16 740 130 transport=88 146 724 24
[resized] ledMeter1=20 20 48 484 ledMeter2=832 20 48 484 waveform=80 16 742 130 transport=88 146 726 24
[resized] ledMeter1=20 20 48 492 ledMeter2=834 20 48 492 waveform=80 16 743 130 transport=88 146 727 24
[resized] ledMeter1=20 20 48 494 ledMeter2=835 20 48 494 waveform=80 16 745 130 transport=88 146 729 24
[resized] ledMeter1=20 20 48 496 ledMeter2=837 20 48 496 waveform=80 16 746 130 transport=88 146 730 24
[resized] ledMeter1=20 20 48 499 ledMeter2=838 20 48 499 waveform=80 16 749 130 transport=88 146 733 24
[resized] ledMeter1=20 20 48 503 ledMeter2=841 20 48 503 waveform=80 16 752 130 transport=88 146 736 24
[resized] ledMeter1=20 20 48 508 ledMeter2=844 20 48 508 waveform=80 16 755 130 transport=88 146 739 24
[resized] ledMeter1=20 20 48 512 ledMeter2=847 20 48 512 waveform=80 16 759 130 transport=88 146 743 24
[resized] ledMeter1=20 20 48 517 ledMeter2=851 20 48 517 waveform=80 16 762 130 transport=88 146 746 24
[resized] ledMeter1=20 20 48 524 ledMeter2=854 20 48 524 waveform=80 16 766 130 transport=88 146 750 24
[resized] ledMeter1=20 20 48 532 ledMeter2=858 20 48 532 waveform=80 16 769 130 transport=88 146 753 24
[resized] ledMeter1=20 20 48 541 ledMeter2=861 20 48 541 waveform=80 16 772 130 transport=88 146 756 24
[resized] ledMeter1=20 20 48 551 ledMeter2=864 20 48 551 waveform=80 16 774 130 transport=88 146 758 24
[resized] ledMeter1=20 20 48 564 ledMeter2=866 20 48 564 waveform=80 16 775 130 transport=88 146 759 24
[resized] ledMeter1=20 20 48 576 ledMeter2=867 20 48 576 waveform=80 16 776 130 transport=88 146 760 24
[resized] ledMeter1=20 20 48 588 ledMeter2=868 20 48 588 waveform=80 16 776 130 transport=88 146 760 24
[resized] ledMeter1=20 20 48 602 ledMeter2=868 20 48 602 waveform=80 16 775 130 transport=88 146 759 24
[resized] ledMeter1=20 20 48 615 ledMeter2=867 20 48 615 waveform=80 16 774 130 transport=88 146 758 24
[resized] ledMeter1=20 20 48 627 ledMeter2=866 20 48 627 waveform=80 16 774 130 transport=88 146 758 24
[resized] ledMeter1=20 20 48 640 ledMeter2=866 20 48 640 waveform=80 16 774 130 transport=88 146 758 24
[resized] ledMeter1=20 20 48 650 ledMeter2=866 20 48 650 waveform=80 16 774 130 transport=88 146 758 24
[resized] ledMeter1=20 20 48 660 ledMeter2=866 20 48 660 waveform=80 16 777 130 transport=88 146 761 24
[resized] ledMeter1=20 20 48 669 ledMeter2=869 20 48 669 waveform=80 16 780 130 transport=88 146 764 24
[resized] ledMeter1=20 20 48 675 ledMeter2=872 20 48 675 waveform=80 16 785 130 transport=88 146 769 24
[resized] ledMeter1=20 20 48 682 ledMeter2=877 20 48 682 waveform=80 16 790 130 transport=88 146 774 24
[resized] ledMeter1=20 20 48 687 ledMeter2=882 20 48 687 waveform=80 16 795 130 transport=88 146 779 24
[resized] ledMeter1=20 20 48 690 ledMeter2=887 20 48 690 waveform=80 16 800 130 transport=88 146 784 24
[resized] ledMeter1=20 20 48 692 ledMeter2=892 20 48 692 waveform=80 16 804 130 transport=88 146 788 24
[resized] ledMeter1=20 20 48 693 ledMeter2=896 20 48 693 waveform=80 16 808 130 transport=88 146 792 24
[resized] ledMeter1=20 20 48 694 ledMeter2=900 20 48 694 waveform=80 16 810 130 transport=88 146 794 24
[resized] ledMeter1=20 20 48 694 ledMeter2=902 20 48 694 waveform=80 16 811 130 transport=88 146 795 24
[resized] ledMeter1=20 20 48 694 ledMeter2=903 20 48 694 waveform=80 16 811 130 transport=88 146 795 24
[resized] ledMeter1=20 20 48 693 ledMeter2=903 20 48 693 waveform=80 16 810 130 transport=88 146 794 24
[resized] ledMeter1=20 20 48 690 ledMeter2=902 20 48 690 waveform=80 16 808 130 transport=88 146 792 24
[resized] ledMeter1=20 20 48 686 ledMeter2=900 20 48 686 waveform=80 16 806 130 transport=88 146 790 24
[resized] ledMeter1=20 20 48 682 ledMeter2=898 20 48 682 waveform=80 16 803 130 transport=88 146 787 24
[resized] ledMeter1=20 20 48 677 ledMeter2=895 20 48 677 waveform=80 16 800 130 transport=88 146 784 24
[resized] ledMeter1=20 20 48 673 ledMeter2=892 20 48 673 waveform=80 16 797 130 transport=88 146 781 24
[resized] ledMeter1=20 20 48 668 ledMeter2=889 20 48 668 waveform=80 16 794 130 transport=88 146 778 24
[resized] ledMeter1=20 20 48 666 ledMeter2=886 20 48 666 waveform=80 16 792 130 transport=88 146 776 24
[resized] ledMeter1=20 20 48 664 ledMeter2=884 20 48 664 waveform=80 16 790 130 transport=88 146 774 24
[resized] ledMeter1=20 20 48 664 ledMeter2=882 20 48 664 waveform=80 16 789 130 transport=88 146 773 24
[resized] ledMeter1=20 20 48 664 ledMeter2=881 20 48 664 waveform=80 16 789 130 transport=88 146 773 24
[resized] ledMeter1=20 20 48 663 ledMeter2=881 20 48 663 waveform=80 16 788 130 transport=88 146 772 24
[resized] ledMeter1=20 20 48 663 ledMeter2=880 20 48 663 waveform=80 16 788 130 transport=88 146 772 24
[resized] ledMeter1=20 20 48 662 ledMeter2=880 20 48 662 waveform=80 16 787 130 transport=88 146 771 24
[resized] ledMeter1=20 20 48 662 ledMeter2=879 20 48 662 waveform=80 16 787 130 transport=88 146 771 24
[resized] ledMeter1=20 20 48 661 ledMeter2=879 20 48 661 waveform=80 16 786 130 transport=88 146 770 24
[resized] ledMeter1=20 20 48 661 ledMeter2=878 20 48 661 waveform=80 16 786 130 transport=88 146 770 24
[resized] ledMeter1=20 20 48 660 ledMeter2=878 20 48 660 waveform=80 16 785 130 transport=88 146 769 24
[resized] ledMeter1=20 20 48 659 ledMeter2=877 20 48 659 waveform=80 16 783 130 transport=88 146 767 24
[resized] ledMeter1=20 20 48 656 ledMeter2=875 20 48 656 waveform=80 16 781 130 transport=88 146 765 24
[resized] ledMeter1=20 20 48 653 ledMeter2=873 20 48 653 waveform=80 16 780 130 transport=88 146 764 24
[SkinManager] Loaded skin from folder: /Volumes/MP 1/MoreMojo/NeptuneUI/03 Delivery/VST/Assets/Animation/stripes, knobImage=482x123874, meterVUFrame=397x33153, meterLEDStrip=0x0, filesFound=7, knobFrames=257, vuFrames=0, buttonFrames=2, switchFrames=2
[resized] ledMeter1=0 0 0 0 ledMeter2=0 0 0 0 waveform=16 16 0 0 transport=-56 16 160 0
[resized] ledMeter1=19 19 0 0 ledMeter2=19 19 0 0 waveform=68 16 764 105 transport=76 121 684 22
[SkinManager] Loaded Neptune knob_big: 257 frames
[resized] ledMeter1=0 0 0 0 ledMeter2=0 0 0 0 waveform=16 16 0 0 transport=-56 16 160 0
[resized] ledMeter1=19 19 0 0 ledMeter2=19 19 0 0 waveform=68 16 764 105 transport=76 121 684 22
[SkinManager] Loaded Neptune knob_big: 257 frames
[resized] ledMeter1=0 0 0 0 ledMeter2=0 0 0 0 waveform=16 16 0 0 transport=32 16 0 0
[resized] ledMeter1=19 19 0 0 ledMeter2=19 19 0 0 waveform=68 16 764 105 transport=84 121 672 22
[SkinManager] Loaded Neptune knob_big: 257 frames
[resized] ledMeter1=0 0 0 0 ledMeter2=0 0 0 0 waveform=16 16 0 0 transport=32 16 0 0
[resized] ledMeter1=19 19 0 0 ledMeter2=19 19 0 0 waveform=68 16 764 105 transport=84 121 672 22
[SkinManager] Loaded Neptune knob_big: 257 frames
[resized] ledMeter1=0 0 0 0 ledMeter2=0 0 0 0 waveform=16 16 0 0 transport=32 16 0 0
[resized] ledMeter1=19 19 0 0 ledMeter2=19 19 0 0 waveform=68 16 764 105 transport=84 121 672 22
[SkinManager] Loaded Neptune knob_big: 257 frames
[resized] ledMeter1=0 0 0 0 ledMeter2=0 0 0 0 waveform=16 16 0 0 transport=32 16 0 0
[resized] ledMeter1=0 0 0 0 ledMeter2=0 0 0 0 waveform=68 16 764 105 transport=84 121 672 22
[resized] ledMeter1=19 19 38 490 ledMeter2=843 19 38 490 waveform=68 16 764 105 transport=84 121 672 22
[resized] ledMeter1=19 19 38 489 ledMeter2=843 19 38 489 waveform=68 16 765 105 transport=84 121 673 22
[resized] ledMeter1=19 19 38 495 ledMeter2=844 19 38 495 waveform=68 16 765 105 transport=84 121 673 22
[resized] ledMeter1=19 19 38 496 ledMeter2=844 19 38 496 waveform=68 16 765 105 transport=84 121 673 22
[resized] ledMeter1=19 19 38 497 ledMeter2=844 19 38 497 waveform=68 16 766 105 transport=84 121 674 22
[resized] ledMeter1=19 19 38 497 ledMeter2=845 19 38 497 waveform=68 16 766 105 transport=84 121 674 22
[resized] ledMeter1=19 19 38 498 ledMeter2=845 19 38 498 waveform=68 16 766 105 transport=84 121 674 22
[resized] ledMeter1=19 19 38 499 ledMeter2=845 19 38 499 waveform=68 16 767 105 transport=84 121 675 22
[resized] ledMeter1=19 19 38 501 ledMeter2=846 19 38 501 waveform=68 16 767 105 transport=84 121 675 22
[resized] ledMeter1=19 19 38 502 ledMeter2=846 19 38 502 waveform=68 16 768 105 transport=84 121 676 22
[resized] ledMeter1=19 19 38 504 ledMeter2=847 19 38 504 waveform=68 16 769 105 transport=84 121 677 22
[resized] ledMeter1=19 19 38 506 ledMeter2=848 19 38 506 waveform=68 16 770 105 transport=84 121 678 22
[resized] ledMeter1=19 19 38 509 ledMeter2=849 19 38 509 waveform=68 16 771 105 transport=84 121 679 22
[resized] ledMeter1=19 19 38 512 ledMeter2=850 19 38 512 waveform=68 16 773 105 transport=84 121 681 22
[resized] ledMeter1=19 19 38 514 ledMeter2=852 19 38 514 waveform=68 16 774 105 transport=84 121 682 22
[resized] ledMeter1=19 19 38 516 ledMeter2=853 19 38 516 waveform=68 16 776 105 transport=84 121 684 22
[resized] ledMeter1=19 19 38 519 ledMeter2=855 19 38 519 waveform=68 16 778 105 transport=84 121 686 22
[resized] ledMeter1=19 19 38 522 ledMeter2=857 19 38 522 waveform=68 16 779 105 transport=84 121 687 22
[resized] ledMeter1=19 19 38 524 ledMeter2=858 19 38 524 waveform=68 16 781 105 transport=84 121 689 22
[resized] ledMeter1=19 19 38 526 ledMeter2=860 19 38 526 waveform=68 16 782 105 transport=84 121 690 22
[resized] ledMeter1=19 19 38 530 ledMeter2=861 19 38 530 waveform=68 16 783 105 transport=84 121 691 22
[resized] ledMeter1=19 19 38 532 ledMeter2=862 19 38 532 waveform=68 16 785 105 transport=84 121 693 22
[resized] ledMeter1=19 19 38 534 ledMeter2=864 19 38 534 waveform=68 16 785 105 transport=84 121 693 22
[resized] ledMeter1=19 19 38 536 ledMeter2=864 19 38 536 waveform=68 16 787 105 transport=84 121 695 22
[resized] ledMeter1=19 19 38 539 ledMeter2=866 19 38 539 waveform=68 16 787 105 transport=84 121 695 22
[resized] ledMeter1=19 19 38 540 ledMeter2=866 19 38 540 waveform=68 16 787 105 transport=84 121 695 22
[resized] ledMeter1=19 19 38 542 ledMeter2=866 19 38 542 waveform=68 16 787 105 transport=84 121 695 22
[resized] ledMeter1=19 19 38 543 ledMeter2=866 19 38 543 waveform=68 16 787 105 transport=84 121 695 22
[resized] ledMeter1=19 19 38 546 ledMeter2=866 19 38 546 waveform=68 16 787 105 transport=84 121 695 22
[resized] ledMeter1=19 19 38 548 ledMeter2=866 19 38 548 waveform=68 16 787 105 transport=84 121 695 22
[resized] ledMeter1=19 19 38 550 ledMeter2=866 19 38 550 waveform=68 16 787 105 transport=84 121 695 22
[resized] ledMeter1=19 19 38 554 ledMeter2=866 19 38 554 waveform=68 16 787 105 transport=84 121 695 22
[resized] ledMeter1=19 19 38 557 ledMeter2=866 19 38 557 waveform=68 16 806 105 transport=84 121 714 22
[resized] ledMeter1=19 19 38 563 ledMeter2=885 19 38 563 waveform=68 16 809 105 transport=84 121 717 22
[resized] ledMeter1=19 19 38 568 ledMeter2=888 19 38 568 waveform=68 16 812 105 transport=84 121 720 22
[resized] ledMeter1=19 19 38 573 ledMeter2=891 19 38 573 waveform=68 16 815 105 transport=84 121 723 22
[resized] ledMeter1=19 19 38 580 ledMeter2=894 19 38 580 waveform=68 16 818 105 transport=84 121 726 22
[resized] ledMeter1=19 19 38 586 ledMeter2=897 19 38 586 waveform=68 16 821 105 transport=84 121 729 22
[resized] ledMeter1=19 19 38 593 ledMeter2=900 19 38 593 waveform=68 16 823 105 transport=84 121 731 22
[resized] ledMeter1=19 19 38 599 ledMeter2=902 19 38 599 waveform=68 16 825 105 transport=84 121 733 22
[resized] ledMeter1=19 19 38 602 ledMeter2=904 19 38 602 waveform=68 16 826 105 transport=84 121 734 22
[resized] ledMeter1=19 19 38 606 ledMeter2=905 19 38 606 waveform=68 16 827 105 transport=84 121 735 22
[resized] ledMeter1=19 19 38 608 ledMeter2=906 19 38 608 waveform=68 16 827 105 transport=84 121 735 22
[resized] ledMeter1=19 19 38 610 ledMeter2=906 19 38 610 waveform=68 16 828 105 transport=84 121 736 22
[resized] ledMeter1=19 19 38 611 ledMeter2=907 19 38 611 waveform=68 16 828 105 transport=84 121 736 22
[resized] ledMeter1=19 19 38 613 ledMeter2=907 19 38 613 waveform=68 16 828 105 transport=84 121 736 22
[resized] ledMeter1=19 19 38 614 ledMeter2=907 19 38 614 waveform=68 16 828 105 transport=84 121 736 22
[resized] ledMeter1=19 19 38 615 ledMeter2=907 19 38 615 waveform=68 16 828 105 transport=84 121 736 22
[resized] ledMeter1=19 19 38 616 ledMeter2=907 19 38 616 waveform=68 16 828 105 transport=84 121 736 22
[resized] ledMeter1=19 19 38 617 ledMeter2=907 19 38 617 waveform=68 16 827 105 transport=84 121 735 22
[resized] ledMeter1=19 19 38 618 ledMeter2=906 19 38 618 waveform=68 16 827 105 transport=84 121 735 22
[resized] ledMeter1=19 19 38 619 ledMeter2=906 19 38 619 waveform=68 16 827 105 transport=84 121 735 22
[resized] ledMeter1=19 19 38 620 ledMeter2=906 19 38 620 waveform=68 16 826 105 transport=84 121 734 22
[resized] ledMeter1=19 19 38 621 ledMeter2=905 19 38 621 waveform=68 16 826 105 transport=84 121 734 22
[resized] ledMeter1=19 19 38 622 ledMeter2=905 19 38 622 waveform=68 16 825 105 transport=84 121 733 22
[resized] ledMeter1=19 19 38 624 ledMeter2=904 19 38 624 waveform=68 16 823 105 transport=84 121 731 22
[resized] ledMeter1=19 19 38 627 ledMeter2=902 19 38 627 waveform=68 16 822 105 transport=84 121 730 22
[resized] ledMeter1=19 19 38 628 ledMeter2=901 19 38 628 waveform=68 16 821 105 transport=84 121 729 22
[resized] ledMeter1=19 19 38 631 ledMeter2=900 19 38 631 waveform=68 16 820 105 transport=84 121 728 22
[resized] ledMeter1=19 19 38 633 ledMeter2=899 19 38 633 waveform=68 16 820 105 transport=84 121 728 22
[resized] ledMeter1=19 19 38 635 ledMeter2=899 19 38 635 waveform=68 16 819 105 transport=84 121 727 22
[resized] ledMeter1=19 19 38 638 ledMeter2=898 19 38 638 waveform=68 16 818 105 transport=84 121 726 22
[resized] ledMeter1=19 19 38 641 ledMeter2=897 19 38 641 waveform=68 16 816 105 transport=84 121 724 22
[resized] ledMeter1=19 19 38 645 ledMeter2=895 19 38 645 waveform=68 16 814 105 transport=84 121 722 22
[resized] ledMeter1=19 19 38 650 ledMeter2=893 19 38 650 waveform=68 16 813 105 transport=84 121 721 22
[resized] ledMeter1=19 19 38 654 ledMeter2=892 19 38 654 waveform=68 16 811 105 transport=84 121 719 22
[resized] ledMeter1=19 19 38 659 ledMeter2=890 19 38 659 waveform=68 16 810 105 transport=84 121 718 22
[resized] ledMeter1=19 19 38 662 ledMeter2=889 19 38 662 waveform=68 16 809 105 transport=84 121 717 22
[resized] ledMeter1=19 19 38 665 ledMeter2=888 19 38 665 waveform=68 16 807 105 transport=84 121 715 22
[resized] ledMeter1=19 19 38 668 ledMeter2=886 19 38 668 waveform=68 16 806 105 transport=84 121 714 22
[resized] ledMeter1=19 19 38 670 ledMeter2=885 19 38 670 waveform=68 16 806 105 transport=84 121 714 22
[resized] ledMeter1=19 19 38 671 ledMeter2=885 19 38 671 waveform=68 16 805 105 transport=84 121 713 22
[resized] ledMeter1=19 19 38 672 ledMeter2=884 19 38 672 waveform=68 16 804 105 transport=84 121 712 22
[resized] ledMeter1=19 19 38 673 ledMeter2=883 19 38 673 waveform=68 16 804 105 transport=84 121 712 22
[resized] ledMeter1=19 19 38 674 ledMeter2=883 19 38 674 waveform=68 16 804 105 transport=84 121 712 22
[resized] ledMeter1=19 19 38 675 ledMeter2=883 19 38 675 waveform=68 16 803 105 transport=84 121 711 22
[resized] ledMeter1=19 19 38 675 ledMeter2=882 19 38 675 waveform=68 16 806 105 transport=84 121 714 22
[resized] ledMeter1=19 19 38 681 ledMeter2=885 19 38 681 waveform=68 16 807 105 transport=84 121 715 22
[resized] ledMeter1=19 19 38 683 ledMeter2=886 19 38 683 waveform=68 16 808 105 transport=84 121 716 22
[resized] ledMeter1=19 19 38 684 ledMeter2=887 19 38 684 waveform=68 16 809 105 transport=84 121 717 22
[resized] ledMeter1=19 19 38 687 ledMeter2=888 19 38 687 waveform=68 16 810 105 transport=84 121 718 22
[resized] ledMeter1=19 19 38 689 ledMeter2=889 19 38 689 waveform=68 16 810 105 transport=84 121 718 22
[resized] ledMeter1=19 19 38 692 ledMeter2=889 19 38 692 waveform=68 16 811 105 transport=84 121 719 22
[resized] ledMeter1=19 19 38 696 ledMeter2=890 19 38 696 waveform=68 16 812 105 transport=84 121 720 22
[resized] ledMeter1=19 19 38 700 ledMeter2=891 19 38 700 waveform=68 16 812 105 transport=84 121 720 22
[resized] ledMeter1=19 19 38 703 ledMeter2=891 19 38 703 waveform=68 16 812 105 transport=84 121 720 22
[resized] ledMeter1=19 19 38 707 ledMeter2=891 19 38 707 waveform=68 16 812 105 transport=84 121 720 22
[resized] ledMeter1=19 19 38 711 ledMeter2=891 19 38 711 waveform=68 16 812 105 transport=84 121 720 22
[resized] ledMeter1=19 19 38 716 ledMeter2=891 19 38 716 waveform=68 16 812 105 transport=84 121 720 22
[resized] ledMeter1=19 19 38 720 ledMeter2=891 19 38 720 waveform=68 16 812 105 transport=84 121 720 22
[resized] ledMeter1=19 19 38 723 ledMeter2=891 19 38 723 waveform=68 16 811 105 transport=84 121 719 22
[resized] ledMeter1=19 19 38 727 ledMeter2=890 19 38 727 waveform=68 16 811 105 transport=84 121 719 22
[resized] ledMeter1=19 19 38 732 ledMeter2=890 19 38 732 waveform=68 16 811 105 transport=84 121 719 22
[resized] ledMeter1=19 19 38 736 ledMeter2=890 19 38 736 waveform=68 16 811 105 transport=84 121 719 22
[resized] ledMeter1=19 19 38 740 ledMeter2=890 19 38 740 waveform=68 16 811 105 transport=84 121 719 22
[resized] ledMeter1=19 19 38 746 ledMeter2=890 19 38 746 waveform=68 16 811 105 transport=84 121 719 22
[resized] ledMeter1=19 19 38 751 ledMeter2=890 19 38 751 waveform=68 16 811 105 transport=84 121 719 22
[resized] ledMeter1=19 19 38 756 ledMeter2=890 19 38 756 waveform=68 16 812 105 transport=84 121 720 22
[resized] ledMeter1=19 19 38 760 ledMeter2=891 19 38 760 waveform=68 16 813 105 transport=84 121 721 22
[resized] ledMeter1=19 19 38 766 ledMeter2=892 19 38 766 waveform=68 16 815 105 transport=84 121 723 22
[resized] ledMeter1=19 19 38 770 ledMeter2=894 19 38 770 waveform=68 16 816 105 transport=84 121 724 22
[resized] ledMeter1=19 19 38 774 ledMeter2=895 19 38 774 waveform=68 16 818 105 transport=84 121 726 22
[resized] ledMeter1=19 19 38 778 ledMeter2=897 19 38 778 waveform=68 16 820 105 transport=84 121 728 22
[resized] ledMeter1=19 19 38 782 ledMeter2=899 19 38 782 waveform=68 16 823 105 transport=84 121 731 22
[resized] ledMeter1=19 19 38 785 ledMeter2=902 19 38 785 waveform=68 16 825 105 transport=84 121 733 22
[resized] ledMeter1=19 19 38 788 ledMeter2=904 19 38 788 waveform=68 16 827 105 transport=84 121 735 22
[resized] ledMeter1=19 19 38 791 ledMeter2=906 19 38 791 waveform=68 16 828 105 transport=84 121 736 22
[resized] ledMeter1=19 19 38 792 ledMeter2=907 19 38 792 waveform=68 16 828 105 transport=84 121 736 22
[resized] ledMeter1=19 19 38 793 ledMeter2=907 19 38 793 waveform=68 16 829 105 transport=84 121 737 22
[resized] ledMeter1=19 19 38 794 ledMeter2=908 19 38 794 waveform=68 16 829 105 transport=84 121 737 22
[resized] ledMeter1=19 19 38 795 ledMeter2=908 19 38 795 waveform=68 16 829 105 transport=84 121 737 22
[resized] ledMeter1=19 19 38 796 ledMeter2=908 19 38 796 waveform=68 16 829 105 transport=84 121 737 22
[resized] ledMeter1=19 19 38 797 ledMeter2=908 19 38 797 waveform=68 16 829 105 transport=84 121 737 22
[resized] ledMeter1=19 19 38 798 ledMeter2=908 19 38 798 waveform=68 16 830 105 transport=84 121 738 22
[resized] ledMeter1=19 19 38 799 ledMeter2=909 19 38 799 waveform=68 16 830 105 transport=84 121 738 22
[resized] ledMeter1=19 19 38 800 ledMeter2=909 19 38 800 waveform=68 16 830 105 transport=84 121 738 22
[resized] ledMeter1=19 19 38 802 ledMeter2=909 19 38 802 waveform=68 16 831 105 transport=84 121 739 22
[resized] ledMeter1=19 19 38 803 ledMeter2=910 19 38 803 waveform=68 16 832 105 transport=84 121 740 22
[resized] ledMeter1=19 19 38 804 ledMeter2=911 19 38 804 waveform=68 16 833 105 transport=84 121 741 22
[resized] ledMeter1=19 19 38 806 ledMeter2=912 19 38 806 waveform=68 16 833 105 transport=84 121 741 22
[resized] ledMeter1=19 19 38 807 ledMeter2=912 19 38 807 waveform=68 16 834 105 transport=84 121 742 22
[resized] ledMeter1=19 19 38 810 ledMeter2=913 19 38 810 waveform=68 16 835 105 transport=84 121 743 22
[resized] ledMeter1=19 19 38 812 ledMeter2=914 19 38 812 waveform=68 16 835 105 transport=84 121 743 22
[resized] ledMeter1=19 19 38 815 ledMeter2=914 19 38 815 waveform=68 16 836 105 transport=84 121 744 22
[resized] ledMeter1=19 19 38 818 ledMeter2=915 19 38 818 waveform=68 16 836 105 transport=84 121 744 22
[resized] ledMeter1=19 19 38 820 ledMeter2=915 19 38 820 waveform=68 16 836 105 transport=84 121 744 22
[resized] ledMeter1=19 19 38 823 ledMeter2=915 19 38 823 waveform=68 16 836 105 transport=84 121 744 22
[resized] ledMeter1=19 19 38 826 ledMeter2=915 19 38 826 waveform=68 16 836 105 transport=84 121 744 22
[resized] ledMeter1=19 19 38 829 ledMeter2=915 19 38 829 waveform=68 16 836 105 transport=84 121 744 22
[resized] ledMeter1=19 19 38 832 ledMeter2=915 19 38 832 waveform=68 16 835 105 transport=84 121 743 22
[resized] ledMeter1=19 19 38 835 ledMeter2=914 19 38 835 waveform=68 16 835 105 transport=84 121 743 22
[resized] ledMeter1=19 19 38 838 ledMeter2=914 19 38 838 waveform=68 16 834 105 transport=84 121 742 22
[resized] ledMeter1=19 19 38 841 ledMeter2=913 19 38 841 waveform=68 16 834 105 transport=84 121 742 22
[resized] ledMeter1=19 19 38 845 ledMeter2=913 19 38 845 waveform=68 16 834 105 transport=84 121 742 22
[resized] ledMeter1=19 19 38 849 ledMeter2=913 19 38 849 waveform=68 16 833 105 transport=84 121 741 22
[resized] ledMeter1=19 19 38 852 ledMeter2=912 19 38 852 waveform=68 16 833 105 transport=84 121 741 22
[resized] ledMeter1=19 19 38 855 ledMeter2=912 19 38 855 waveform=68 16 833 105 transport=84 121 741 22
[resized] ledMeter1=19 19 38 858 ledMeter2=912 19 38 858 waveform=68 16 833 105 transport=84 121 741 22
[resized] ledMeter1=19 19 38 862 ledMeter2=912 19 38 862 waveform=68 16 833 105 transport=84 121 741 22
[resized] ledMeter1=19 19 38 863 ledMeter2=912 19 38 863 waveform=68 16 833 105 transport=84 121 741 22
[resized] ledMeter1=19 19 38 864 ledMeter2=912 19 38 864 waveform=68 16 834 105 transport=84 121 742 22
[resized] ledMeter1=19 19 38 865 ledMeter2=913 19 38 865 waveform=68 16 834 105 transport=84 121 742 22
[resized] ledMeter1=19 19 38 866 ledMeter2=913 19 38 866 waveform=68 16 835 105 transport=84 121 743 22
[resized] ledMeter1=19 19 38 868 ledMeter2=914 19 38 868 waveform=68 16 836 105 transport=84 121 744 22
[resized] ledMeter1=19 19 38 871 ledMeter2=915 19 38 871 waveform=68 16 837 105 transport=84 121 745 22
[resized] ledMeter1=19 19 38 874 ledMeter2=916 19 38 874 waveform=68 16 838 105 transport=84 121 746 22
[resized] ledMeter1=19 19 38 876 ledMeter2=917 19 38 876 waveform=68 16 840 105 transport=84 121 748 22
[resized] ledMeter1=19 19 38 879 ledMeter2=919 19 38 879 waveform=68 16 841 105 transport=84 121 749 22
[resized] ledMeter1=19 19 38 881 ledMeter2=920 19 38 881 waveform=68 16 843 105 transport=84 121 751 22
[resized] ledMeter1=19 19 38 883 ledMeter2=922 19 38 883 waveform=68 16 844 105 transport=84 121 752 22
[resized] ledMeter1=19 19 38 885 ledMeter2=923 19 38 885 waveform=68 16 846 105 transport=84 121 754 22
[resized] ledMeter1=19 19 38 889 ledMeter2=925 19 38 889 waveform=68 16 847 105 transport=84 121 755 22
[resized] ledMeter1=19 19 38 890 ledMeter2=926 19 38 890 waveform=68 16 847 105 transport=84 121 755 22
[resized] ledMeter1=19 19 38 891 ledMeter2=926 19 38 891 waveform=68 16 848 105 transport=84 121 756 22
[resized] ledMeter1=19 19 38 892 ledMeter2=927 19 38 892 waveform=68 16 848 105 transport=84 121 756 22
[resized] ledMeter1=19 19 38 893 ledMeter2=927 19 38 893 waveform=68 16 846 105 transport=84 121 754 22
[resized] ledMeter1=19 19 38 894 ledMeter2=925 19 38 894 waveform=68 16 843 105 transport=84 121 751 22
[resized] ledMeter1=19 19 38 898 ledMeter2=922 19 38 898 waveform=68 16 842 105 transport=84 121 750 22
[resized] ledMeter1=19 19 38 900 ledMeter2=921 19 38 900 waveform=68 16 841 105 transport=84 121 749 22
[resized] ledMeter1=19 19 38 901 ledMeter2=920 19 38 901 waveform=68 16 841 105 transport=84 121 749 22
[resized] ledMeter1=19 19 38 902 ledMeter2=920 19 38 902 waveform=68 16 840 105 transport=84 121 748 22
[resized] ledMeter1=19 19 38 902 ledMeter2=919 19 38 902 waveform=68 16 840 105 transport=84 121 748 22
[resized] ledMeter1=19 19 38 903 ledMeter2=919 19 38 903 waveform=68 16 840 105 transport=84 121 748 22
[resized] ledMeter1=19 19 38 905 ledMeter2=919 19 38 905 waveform=68 16 839 105 transport=84 121 747 22
[resized] ledMeter1=19 19 38 907 ledMeter2=918 19 38 907 waveform=68 16 839 105 transport=84 121 747 22
[resized] ledMeter1=19 19 38 908 ledMeter2=918 19 38 908 waveform=68 16 838 105 transport=84 121 746 22
[resized] ledMeter1=19 19 38 911 ledMeter2=917 19 38 911 waveform=68 16 838 105 transport=84 121 746 22
[resized] ledMeter1=19 19 38 913 ledMeter2=917 19 38 913 waveform=68 16 838 105 transport=84 121 746 22
[resized] ledMeter1=19 19 38 916 ledMeter2=917 19 38 916 waveform=68 16 838 105 transport=84 121 746 22
[resized] ledMeter1=19 19 38 919 ledMeter2=917 19 38 919 waveform=68 16 838 105 transport=84 121 746 22
[resized] ledMeter1=19 19 38 922 ledMeter2=917 19 38 922 waveform=68 16 836 105 transport=84 121 744 22
[resized] ledMeter1=19 19 38 925 ledMeter2=915 19 38 925 waveform=68 16 836 105 transport=84 121 744 22
[resized] ledMeter1=19 19 38 927 ledMeter2=915 19 38 927 waveform=68 16 835 105 transport=84 121 743 22
[resized] ledMeter1=19 19 38 929 ledMeter2=914 19 38 929 waveform=68 16 835 105 transport=84 121 743 22
[resized] ledMeter1=19 19 38 932 ledMeter2=914 19 38 932 waveform=68 16 835 105 transport=84 121 743 22
[resized] ledMeter1=19 19 38 933 ledMeter2=914 19 38 933 waveform=68 16 835 105 transport=84 121 743 22
[resized] ledMeter1=19 19 38 935 ledMeter2=914 19 38 935 waveform=68 16 835 105 transport=84 121 743 22
[resized] ledMeter1=19 19 38 936 ledMeter2=914 19 38 936 waveform=68 16 835 105 transport=84 121 743 22
[resized] ledMeter1=19 19 38 938 ledMeter2=914 19 38 938 waveform=68 16 835 105 transport=84 121 743 22
[resized] ledMeter1=19 19 38 939 ledMeter2=914 19 38 939 waveform=68 16 835 105 transport=84 121 743 22
[resized] ledMeter1=19 19 38 940 ledMeter2=914 19 38 940 waveform=68 16 835 105 transport=84 121 743 22
[resized] ledMeter1=19 19 38 941 ledMeter2=914 19 38 941 waveform=68 16 836 105 transport=84 121 744 22
[resized] ledMeter1=19 19 38 941 ledMeter2=915 19 38 941 waveform=68 16 836 105 transport=84 121 744 22
[resized] ledMeter1=19 19 38 942 ledMeter2=915 19 38 942 waveform=68 16 836 105 transport=84 121 744 22
[resized] ledMeter1=19 19 38 943 ledMeter2=915 19 38 943 waveform=68 16 837 105 transport=84 121 745 22
[resized] ledMeter1=19 19 38 943 ledMeter2=916 19 38 943 waveform=68 16 837 105 transport=84 121 745 22
[resized] ledMeter1=19 19 38 944 ledMeter2=916 19 38 944 waveform=68 16 837 105 transport=84 121 745 22
[resized] ledMeter1=19 19 38 945 ledMeter2=916 19 38 945 waveform=68 16 837 105 transport=84 121 745 22
[resized] ledMeter1=19 19 38 946 ledMeter2=916 19 38 946 waveform=68 16 837 105 transport=84 121 745 22
[resized] ledMeter1=19 19 38 947 ledMeter2=916 19 38 947 waveform=68 16 836 105 transport=84 121 744 22
[resized] ledMeter1=19 19 38 948 ledMeter2=915 19 38 948 waveform=68 16 836 105 transport=84 121 744 22
[resized] ledMeter1=19 19 38 949 ledMeter2=915 19 38 949 waveform=68 16 836 105 transport=84 121 744 22
[resized] ledMeter1=19 19 38 945 ledMeter2=915 19 38 945 waveform=68 16 836 105 transport=84 121 744 22
[resized] ledMeter1=19 19 38 942 ledMeter2=915 19 38 942 waveform=68 16 836 105 transport=84 121 744 22
[resized] ledMeter1=19 19 38 940 ledMeter2=915 19 38 940 waveform=68 16 836 105 transport=84 121 744 22
[resized] ledMeter1=19 19 38 937 ledMeter2=915 19 38 937 waveform=68 16 836 105 transport=84 121 744 22
[resized] ledMeter1=19 19 38 936 ledMeter2=915 19 38 936 waveform=68 16 836 105 transport=84 121 744 22
[resized] ledMeter1=19 19 38 935 ledMeter2=915 19 38 935 waveform=68 16 836 105 transport=84 121 744 22
[resized] ledMeter1=19 19 38 931 ledMeter2=915 19 38 931 waveform=68 16 835 105 transport=84 121 743 22
[resized] ledMeter1=19 19 38 928 ledMeter2=914 19 38 928 waveform=68 16 835 105 transport=84 121 743 22
[resized] ledMeter1=19 19 38 924 ledMeter2=914 19 38 924 waveform=68 16 833 105 transport=84 121 741 22
[resized] ledMeter1=19 19 38 915 ledMeter2=912 19 38 915 waveform=68 16 833 105 transport=84 121 741 22
[resized] ledMeter1=19 19 38 908 ledMeter2=912 19 38 908 waveform=68 16 830 105 transport=84 121 738 22
[resized] ledMeter1=19 19 38 892 ledMeter2=909 19 38 892 waveform=68 16 830 105 transport=84 121 738 22
[resized] ledMeter1=19 19 38 881 ledMeter2=909 19 38 881 waveform=68 16 830 105 transport=84 121 738 22
[resized] ledMeter1=19 19 38 871 ledMeter2=909 19 38 871 waveform=68 16 830 105 transport=84 121 738 22
[resized] ledMeter1=19 19 38 860 ledMeter2=909 19 38 860 waveform=68 16 830 105 transport=84 121 738 22
[resized] ledMeter1=19 19 38 851 ledMeter2=909 19 38 851 waveform=68 16 830 105 transport=84 121 738 22
[resized] ledMeter1=19 19 38 842 ledMeter2=909 19 38 842 waveform=68 16 831 105 transport=84 121 739 22
[resized] ledMeter1=19 19 38 834 ledMeter2=910 19 38 834 waveform=68 16 832 105 transport=84 121 740 22
[resized] ledMeter1=19 19 38 828 ledMeter2=911 19 38 828 waveform=68 16 834 105 transport=84 121 742 22
[resized] ledMeter1=19 19 38 822 ledMeter2=913 19 38 822 waveform=68 16 835 105 transport=84 121 743 22
[resized] ledMeter1=19 19 38 817 ledMeter2=914 19 38 817 waveform=68 16 837 105 transport=84 121 745 22
[resized] ledMeter1=19 19 38 812 ledMeter2=916 19 38 812 waveform=68 16 839 105 transport=84 121 747 22
[resized] ledMeter1=19 19 38 807 ledMeter2=918 19 38 807 waveform=68 16 840 105 transport=84 121 748 22
[resized] ledMeter1=19 19 38 802 ledMeter2=919 19 38 802 waveform=68 16 843 105 transport=84 121 751 22
[resized] ledMeter1=19 19 38 795 ledMeter2=922 19 38 795 waveform=68 16 844 105 transport=84 121 752 22
[resized] ledMeter1=19 19 38 793 ledMeter2=923 19 38 793 waveform=68 16 844 105 transport=84 121 752 22
[resized] ledMeter1=19 19 38 791 ledMeter2=923 19 38 791 waveform=68 16 844 105 transport=84 121 752 22
[resized] ledMeter1=19 19 38 790 ledMeter2=923 19 38 790 waveform=68 16 844 105 transport=84 121 752 22
[resized] ledMeter1=19 19 38 788 ledMeter2=923 19 38 788 waveform=68 16 841 105 transport=84 121 749 22
[resized] ledMeter1=19 19 38 779 ledMeter2=920 19 38 779 waveform=68 16 836 105 transport=84 121 744 22
[resized] ledMeter1=19 19 38 766 ledMeter2=915 19 38 766 waveform=68 16 830 105 transport=84 121 738 22
[resized] ledMeter1=19 19 38 751 ledMeter2=909 19 38 751 waveform=68 16 819 105 transport=84 121 727 22
[resized] ledMeter1=19 19 38 719 ledMeter2=898 19 38 719 waveform=68 16 815 105 transport=84 121 723 22
[resized] ledMeter1=19 19 38 704 ledMeter2=894 19 38 704 waveform=68 16 811 105 transport=84 121 719 22
[resized] ledMeter1=19 19 38 690 ledMeter2=890 19 38 690 waveform=68 16 808 105 transport=84 121 716 22
[resized] ledMeter1=19 19 38 677 ledMeter2=887 19 38 677 waveform=68 16 805 105 transport=84 121 713 22
[resized] ledMeter1=19 19 38 664 ledMeter2=884 19 38 664 waveform=68 16 802 105 transport=84 121 710 22
[resized] ledMeter1=19 19 38 651 ledMeter2=881 19 38 651 waveform=68 16 799 105 transport=84 121 707 22
[resized] ledMeter1=19 19 38 637 ledMeter2=878 19 38 637 waveform=68 16 796 105 transport=84 121 704 22
[resized] ledMeter1=19 19 38 622 ledMeter2=875 19 38 622 waveform=68 16 793 105 transport=84 121 701 22
[resized] ledMeter1=19 19 38 606 ledMeter2=872 19 38 606 waveform=68 16 791 105 transport=84 121 699 22
[resized] ledMeter1=19 19 38 589 ledMeter2=870 19 38 589 waveform=68 16 788 105 transport=84 121 696 22
[resized] ledMeter1=19 19 38 572 ledMeter2=867 19 38 572 waveform=68 16 786 105 transport=84 121 694 22
[resized] ledMeter1=19 19 38 556 ledMeter2=865 19 38 556 waveform=68 16 784 105 transport=84 121 692 22
[resized] ledMeter1=19 19 38 541 ledMeter2=863 19 38 541 waveform=68 16 785 105 transport=84 121 693 22
[resized] ledMeter1=19 19 38 516 ledMeter2=864 19 38 516 waveform=68 16 787 105 transport=84 121 695 22
[resized] ledMeter1=19 19 38 507 ledMeter2=866 19 38 507 waveform=68 16 787 105 transport=84 121 695 22
[resized] ledMeter1=19 19 38 498 ledMeter2=866 19 38 498 waveform=68 16 787 105 transport=84 121 695 22
[resized] ledMeter1=19 19 38 486 ledMeter2=866 19 38 486 waveform=68 16 787 105 transport=84 121 695 22
[resized] ledMeter1=19 19 38 482 ledMeter2=866 19 38 482 waveform=68 16 787 105 transport=84 121 695 22
[resized] ledMeter1=19 19 38 480 ledMeter2=866 19 38 480 waveform=68 16 787 105 transport=84 121 695 22
[resized] ledMeter1=19 19 38 478 ledMeter2=866 19 38 478 waveform=68 16 787 105 transport=84 121 695 22
[resized] ledMeter1=19 19 38 477 ledMeter2=866 19 38 477 waveform=68 16 787 105 transport=84 121 695 22
[resized] ledMeter1=19 19 38 475 ledMeter2=866 19 38 475 waveform=68 16 787 105 transport=84 121 695 22
[resized] ledMeter1=19 19 38 473 ledMeter2=866 19 38 473 waveform=68 16 787 105 transport=84 121 695 22
[resized] ledMeter1=19 19 38 472 ledMeter2=866 19 38 472 waveform=68 16 787 105 transport=84 121 695 22
[resized] ledMeter1=19 19 38 471 ledMeter2=866 19 38 471 waveform=68 16 787 105 transport=84 121 695 22
[resized] ledMeter1=19 19 38 470 ledMeter2=866 19 38 470 waveform=68 16 787 105 transport=84 121 695 22
[resized] ledMeter1=19 19 38 468 ledMeter2=866 19 38 468 waveform=68 16 787 105 transport=84 121 695 22
[resized] ledMeter1=19 19 38 476 ledMeter2=866 19 38 476 waveform=68 16 787 105 transport=84 121 695 22
[resized] ledMeter1=19 19 38 479 ledMeter2=866 19 38 479 waveform=68 16 787 105 transport=84 121 695 22
[resized] ledMeter1=19 19 38 482 ledMeter2=866 19 38 482 waveform=68 16 787 105 transport=84 121 695 22
[resized] ledMeter1=19 19 38 485 ledMeter2=866 19 38 485 waveform=68 16 787 105 transport=84 121 695 22
[resized] ledMeter1=19 19 38 489 ledMeter2=866 19 38 489 waveform=68 16 787 105 transport=84 121 695 22
[resized] ledMeter1=19 19 38 492 ledMeter2=866 19 38 492 waveform=68 16 787 105 transport=84 121 695 22
[resized] ledMeter1=19 19 38 495 ledMeter2=866 19 38 495 waveform=68 16 787 105 transport=84 121 695 22
[resized] ledMeter1=19 19 38 498 ledMeter2=866 19 38 498 waveform=68 16 787 105 transport=84 121 695 22
[resized] ledMeter1=19 19 38 503 ledMeter2=866 19 38 503 waveform=68 16 787 105 transport=84 121 695 22
[resized] ledMeter1=19 19 38 507 ledMeter2=866 19 38 507 waveform=68 16 787 105 transport=84 121 695 22
[resized] ledMeter1=19 19 38 511 ledMeter2=866 19 38 511 waveform=68 16 787 105 transport=84 121 695 22
[resized] ledMeter1=19 19 38 516 ledMeter2=866 19 38 516 waveform=68 16 787 105 transport=84 121 695 22
[resized] ledMeter1=19 19 38 521 ledMeter2=866 19 38 521 waveform=68 16 787 105 transport=84 121 695 22
[resized] ledMeter1=19 19 38 527 ledMeter2=866 19 38 527 waveform=68 16 774 105 transport=84 121 682 22
[resized] ledMeter1=19 19 38 536 ledMeter2=853 19 38 536 waveform=68 16 771 105 transport=84 121 679 22
[resized] ledMeter1=19 19 38 544 ledMeter2=850 19 38 544 waveform=68 16 768 105 transport=84 121 676 22
[resized] ledMeter1=19 19 38 553 ledMeter2=847 19 38 553 waveform=68 16 764 105 transport=84 121 672 22
[resized] ledMeter1=19 19 38 562 ledMeter2=843 19 38 562 waveform=68 16 760 105 transport=84 121 668 22
[resized] ledMeter1=19 19 38 571 ledMeter2=839 19 38 571 waveform=68 16 756 105 transport=84 121 664 22
[resized] ledMeter1=19 19 38 579 ledMeter2=835 19 38 579 waveform=68 16 753 105 transport=84 121 661 22
[resized] ledMeter1=19 19 38 587 ledMeter2=832 19 38 587 waveform=68 16 751 105 transport=84 121 659 22
[resized] ledMeter1=19 19 38 593 ledMeter2=830 19 38 593 waveform=68 16 748 105 transport=84 121 656 22
[resized] ledMeter1=19 19 38 600 ledMeter2=827 19 38 600 waveform=68 16 747 105 transport=84 121 655 22
[resized] ledMeter1=19 19 38 603 ledMeter2=826 19 38 603 waveform=68 16 745 105 transport=84 121 653 22
[resized] ledMeter1=19 19 38 608 ledMeter2=824 19 38 608 waveform=68 16 743 105 transport=84 121 651 22
[resized] ledMeter1=19 19 38 612 ledMeter2=822 19 38 612 waveform=68 16 743 105 transport=84 121 651 22
[resized] ledMeter1=19 19 38 614 ledMeter2=822 19 38 614 waveform=68 16 742 105 transport=84 121 650 22
[resized] ledMeter1=19 19 38 617 ledMeter2=821 19 38 617 waveform=68 16 742 105 transport=84 121 650 22
[resized] ledMeter1=19 19 38 618 ledMeter2=821 19 38 618 waveform=68 16 742 105 transport=84 121 650 22
[resized] ledMeter1=19 19 38 619 ledMeter2=821 19 38 619 waveform=68 16 743 105 transport=84 121 651 22
[resized] ledMeter1=19 19 38 621 ledMeter2=822 19 38 621 waveform=68 16 743 105 transport=84 121 651 22
[resized] ledMeter1=19 19 38 622 ledMeter2=822 19 38 622 waveform=68 16 743 105 transport=84 121 651 22
[resized] ledMeter1=19 19 38 623 ledMeter2=822 19 38 623 waveform=68 16 743 105 transport=84 121 651 22
[resized] ledMeter1=19 19 38 624 ledMeter2=822 19 38 624 waveform=68 16 743 105 transport=84 121 651 22
[resized] ledMeter1=19 19 38 625 ledMeter2=822 19 38 625 waveform=68 16 743 105 transport=84 121 651 22
[resized] ledMeter1=19 19 38 626 ledMeter2=822 19 38 626 waveform=68 16 744 105 transport=84 121 652 22
[resized] ledMeter1=19 19 38 628 ledMeter2=823 19 38 628 waveform=68 16 744 105 transport=84 121 652 22
[resized] ledMeter1=19 19 38 630 ledMeter2=823 19 38 630 waveform=68 16 744 105 transport=84 121 652 22
[resized] ledMeter1=19 19 38 633 ledMeter2=823 19 38 633 waveform=68 16 744 105 transport=84 121 652 22
[resized] ledMeter1=19 19 38 635 ledMeter2=823 19 38 635 waveform=68 16 744 105 transport=84 121 652 22
[resized] ledMeter1=19 19 38 640 ledMeter2=823 19 38 640 waveform=68 16 744 105 transport=84 121 652 22
[resized] ledMeter1=19 19 38 642 ledMeter2=823 19 38 642 waveform=68 16 744 105 transport=84 121 652 22
[resized] ledMeter1=19 19 38 643 ledMeter2=823 19 38 643 waveform=68 16 745 105 transport=84 121 653 22
[resized] ledMeter1=19 19 38 644 ledMeter2=824 19 38 644 waveform=68 16 745 105 transport=84 121 653 22
[resized] ledMeter1=19 19 38 645 ledMeter2=824 19 38 645 waveform=68 16 745 105 transport=84 121 653 22
[resized] ledMeter1=19 19 38 646 ledMeter2=824 19 38 646 waveform=68 16 745 105 transport=84 121 653 22
[resized] ledMeter1=19 19 38 647 ledMeter2=824 19 38 647 waveform=68 16 746 105 transport=84 121 654 22
[resized] ledMeter1=19 19 38 648 ledMeter2=825 19 38 648 waveform=68 16 746 105 transport=84 121 654 22
[resized] ledMeter1=19 19 38 649 ledMeter2=825 19 38 649 waveform=68 16 746 105 transport=84 121 654 22
[resized] ledMeter1=19 19 38 650 ledMeter2=825 19 38 650 waveform=68 16 747 105 transport=84 121 655 22
[resized] ledMeter1=19 19 38 651 ledMeter2=826 19 38 651 waveform=68 16 747 105 transport=84 121 655 22
[resized] ledMeter1=19 19 38 653 ledMeter2=826 19 38 653 waveform=68 16 747 105 transport=84 121 655 22
[resized] ledMeter1=19 19 38 655 ledMeter2=826 19 38 655 waveform=68 16 748 105 transport=84 121 656 22
[resized] ledMeter1=19 19 38 656 ledMeter2=827 19 38 656 waveform=68 16 748 105 transport=84 121 656 22
[resized] ledMeter1=19 19 38 658 ledMeter2=827 19 38 658 waveform=68 16 749 105 transport=84 121 657 22
[resized] ledMeter1=19 19 38 660 ledMeter2=828 19 38 660 waveform=68 16 749 105 transport=84 121 657 22
[resized] ledMeter1=19 19 38 661 ledMeter2=828 19 38 661 waveform=68 16 750 105 transport=84 121 658 22
[resized] ledMeter1=19 19 38 662 ledMeter2=829 19 38 662 waveform=68 16 750 105 transport=84 121 658 22
[SkinManager] Loaded Neptune knob_big: 257 frames
[UIDemoComponent::resized] Component bounds: 0 0 0 0
[resized] ledMeter1=0 0 0 0 ledMeter2=0 0 0 0 waveform=16 16 0 0 transport=32 16 0 0
[UIDemoComponent::resized] Component bounds: 0 0 800 472
[resized] ledMeter1=0 0 0 0 ledMeter2=0 0 0 0 waveform=68 16 664 105 transport=84 121 572 22
[UIDemoComponent::resized] Component bounds: 0 0 900 600
[resized] ledMeter1=19 19 38 362 ledMeter2=743 19 38 362 waveform=68 16 764 105 transport=84 121 672 22
[SkinManager] Loaded Neptune knob_big: 257 frames
[UIDemoComponent::resized] Component bounds: 0 0 0 0
[resized] ledMeter1=0 0 0 0 ledMeter2=0 0 0 0 waveform=16 16 0 0 transport=32 16 0 0
[UIDemoComponent::resized] Component bounds: 0 0 800 472
[resized] ledMeter1=0 0 0 0 ledMeter2=0 0 0 0 waveform=68 16 664 105 transport=84 121 572 22
[UIDemoComponent::resized] Component bounds: 0 0 900 600
[resized] ledMeter1=19 19 38 362 ledMeter2=743 19 38 362 waveform=68 16 764 105 transport=84 121 672 22
