[Swift] 2025-09-23 13:27:46 +0000 [ContentView] onAppear -> opening standalone demo window
[Swift] 2025-09-23 13:27:46 +0000 [Standalone] Creating window and container
[Swift] 2025-09-23 13:27:46 +0000 [Standalone] Added visible header/border/big-label
[Swift] 2025-09-23 13:27:46 +0000 [Standalone] Opened ProGUI Standalone Demo window; container subviews=3; retained bridge
[Swift] 2025-09-23 16:33:32 +0000 [Standalone] Window will close — clearing retained bridge/window
[Swift] 2025-09-23 17:01:37 +0000 [ContentView] onAppear -> opening standalone demo window
[Swift] 2025-09-23 17:01:37 +0000 [Standalone] Creating window and container
[Swift] 2025-09-23 17:01:37 +0000 [Standalone] Added visible header/border/big-label
[Swift] 2025-09-23 17:01:37 +0000 [Standalone] Opened ProGUI Standalone Demo window; container subviews=3; retained bridge
[Swift] 2025-09-23 17:04:17 +0000 [Standalone] Window will close — clearing retained bridge/window
[Swift] 2025-09-23 17:33:21 +0000 [ContentView] onAppear -> opening standalone demo window
[Swift] 2025-09-23 17:33:21 +0000 [Standalone] Creating window and container
[Swift] 2025-09-23 17:33:21 +0000 [Standalone] Added visible header/border/big-label
[Swift] 2025-09-23 17:33:21 +0000 [Standalone] Opened ProGUI Standalone Demo window; container subviews=3; retained bridge
[Swift] 2025-09-23 17:45:19 +0000 [Standalone] Window will close — clearing retained bridge/window
[Swift] 2025-09-23 18:15:47 +0000 [ContentView] onAppear -> opening standalone demo window
[Swift] 2025-09-23 18:15:47 +0000 [Standalone] Creating window and container
[Swift] 2025-09-23 18:15:47 +0000 [Standalone] Added visible header/border/big-label
[Swift] 2025-09-23 18:15:47 +0000 [Standalone] Opened ProGUI Standalone Demo window; container subviews=3; retained bridge
[Swift] 2025-09-23 18:57:05 +0000 [Standalone] Window will close — clearing retained bridge/window
[Swift] 2025-09-23 19:11:22 +0000 [ContentView] onAppear -> opening standalone demo window
[Swift] 2025-09-23 19:11:22 +0000 [Standalone] Creating window and container
[Swift] 2025-09-23 19:11:22 +0000 [Standalone] Added visible header/border/big-label
[Swift] 2025-09-23 19:11:22 +0000 [Standalone] Opened ProGUI Standalone Demo window; container subviews=3; retained bridge
[Swift] 2025-09-23 19:11:56 +0000 [Standalone] Window will close — clearing retained bridge/window
[Swift] 2025-09-23 19:17:06 +0000 [ContentView] onAppear -> opening standalone demo window
[Swift] 2025-09-23 19:17:06 +0000 [Standalone] Creating window and container
[Swift] 2025-09-23 19:17:06 +0000 [Standalone] Added visible header/border/big-label
[Swift] 2025-09-23 19:17:06 +0000 [Standalone] Opened ProGUI Standalone Demo window; container subviews=3; retained bridge
[Swift] 2025-09-23 19:18:15 +0000 [Standalone] Window will close — clearing retained bridge/window
[Swift] 2025-09-23 19:20:19 +0000 [ContentView] onAppear -> opening standalone demo window
[Swift] 2025-09-23 19:20:19 +0000 [Standalone] Creating window and container
[Swift] 2025-09-23 19:20:19 +0000 [Standalone] Added visible header/border/big-label
[Swift] 2025-09-23 19:20:19 +0000 [Standalone] Opened ProGUI Standalone Demo window; container subviews=3; retained bridge
[Swift] 2025-09-23 20:28:37 +0000 [Standalone] Window will close — clearing retained bridge/window
[Swift] 2025-09-23 20:33:50 +0000 [ContentView] onAppear -> opening standalone demo window
[Swift] 2025-09-23 20:33:50 +0000 [Standalone] Creating window and container
[Swift] 2025-09-23 20:33:50 +0000 [Standalone] Added visible header/border/big-label
[Swift] 2025-09-23 20:33:50 +0000 [Standalone] Opened ProGUI Standalone Demo window; container subviews=3; retained bridge
[Swift] 2025-09-23 20:34:55 +0000 [Standalone] Window will close — clearing retained bridge/window
