[Swift] 2025-09-20 18:54:54 +0000 [ContentView] onAppear -> opening standalone demo window
[Swift] 2025-09-20 18:54:54 +0000 [Standalone] Opened ProGUI Standalone Demo window
[Swift] 2025-09-20 19:22:09 +0000 [ContentView] onAppear -> opening standalone demo window
[Swift] 2025-09-20 19:22:09 +0000 [Standalone] Creating window and container
[Swift] 2025-09-20 19:22:09 +0000 [Standalone] Added visible header/border/big-label
[Swift] 2025-09-20 19:22:09 +0000 [Standalone] Opened ProGUI Standalone Demo window; container subviews=4
[Swift] 2025-09-20 20:06:21 +0000 [ContentView] onAppear -> opening standalone demo window
[Swift] 2025-09-20 20:06:21 +0000 [Standalone] Creating window and container
[Swift] 2025-09-20 20:06:21 +0000 [Standalone] Added visible header/border/big-label
[Swift] 2025-09-20 20:06:21 +0000 [Standalone] Opened ProGUI Standalone Demo window; container subviews=4
[Swift] 2025-09-21 15:58:33 +0000 [ContentView] onAppear -> opening standalone demo window
[Swift] 2025-09-21 16:05:37 +0000 [ContentView] onAppear -> opening standalone demo window
[Swift] 2025-09-21 16:05:37 +0000 [Standalone] Creating window and container
[Swift] 2025-09-21 16:05:37 +0000 [Standalone] Added visible header/border/big-label
[Swift] 2025-09-21 16:05:37 +0000 [Standalone] Opened ProGUI Standalone Demo window; container subviews=3; retained bridge
[Swift] 2025-09-21 16:15:11 +0000 [ContentView] onAppear -> opening standalone demo window
[Swift] 2025-09-21 16:15:11 +0000 [Standalone] Creating window and container
[Swift] 2025-09-21 16:15:11 +0000 [Standalone] Added visible header/border/big-label
[Swift] 2025-09-21 16:15:11 +0000 [Standalone] Opened ProGUI Standalone Demo window; container subviews=3; retained bridge
[Swift] 2025-09-21 16:41:07 +0000 [Standalone] Window will close — clearing retained bridge/window
[Swift] 2025-09-21 20:36:38 +0000 [ContentView] onAppear -> opening standalone demo window
[Swift] 2025-09-21 20:36:38 +0000 [Standalone] Creating window and container
[Swift] 2025-09-21 20:36:38 +0000 [Standalone] Added visible header/border/big-label
[Swift] 2025-09-21 20:36:38 +0000 [Standalone] Opened ProGUI Standalone Demo window; container subviews=3; retained bridge
[Swift] 2025-09-21 20:36:48 +0000 [Standalone] Window will close — clearing retained bridge/window
[Swift] 2025-09-21 20:36:51 +0000 [Standalone] Creating window and container
[Swift] 2025-09-21 20:36:51 +0000 [Standalone] Added visible header/border/big-label
[Swift] 2025-09-21 20:36:51 +0000 [Standalone] Opened ProGUI Standalone Demo window; container subviews=3; retained bridge
[Swift] 2025-09-21 20:36:59 +0000 [Standalone] Window will close — clearing retained bridge/window
[Swift] 2025-09-21 20:37:31 +0000 [Standalone] Creating window and container
[Swift] 2025-09-21 20:37:31 +0000 [Standalone] Added visible header/border/big-label
[Swift] 2025-09-21 20:37:31 +0000 [Standalone] Opened ProGUI Standalone Demo window; container subviews=3; retained bridge
[Swift] 2025-09-21 20:37:38 +0000 [Standalone] Reusing existing window; bringing to front
[Swift] 2025-09-21 20:37:50 +0000 [Standalone] Reusing existing window; bringing to front
[Swift] 2025-09-21 21:12:29 +0000 [Standalone] Window will close — clearing retained bridge/window
[Swift] 2025-09-21 21:16:09 +0000 [ContentView] onAppear -> opening standalone demo window
[Swift] 2025-09-21 21:16:09 +0000 [Standalone] Creating window and container
[Swift] 2025-09-21 21:16:09 +0000 [Standalone] Added visible header/border/big-label
[Swift] 2025-09-21 21:16:09 +0000 [Standalone] Opened ProGUI Standalone Demo window; container subviews=3; retained bridge
[Swift] 2025-09-21 21:17:23 +0000 [Standalone] Reusing existing window; bringing to front
[Swift] 2025-09-21 21:17:24 +0000 [Standalone] Reusing existing window; bringing to front
[Swift] 2025-09-21 21:17:25 +0000 [Standalone] Reusing existing window; bringing to front
[Swift] 2025-09-21 21:17:26 +0000 [Standalone] Reusing existing window; bringing to front
[Swift] 2025-09-22 01:09:39 +0000 [Standalone] Window will close — clearing retained bridge/window
